Component: ARM Compiler 5.06 update 7 (build 960) Tool: armlink [4d3601]

==============================================================================

Section Cross References

    startup_stm32f10x_md.o(STACK) refers (Special) to heapauxi.o(.text) for __use_two_region_memory
    startup_stm32f10x_md.o(HEAP) refers (Special) to heapauxi.o(.text) for __use_two_region_memory
    startup_stm32f10x_md.o(RESET) refers (Special) to heapauxi.o(.text) for __use_two_region_memory
    startup_stm32f10x_md.o(RESET) refers to startup_stm32f10x_md.o(STACK) for __initial_sp
    startup_stm32f10x_md.o(RESET) refers to startup_stm32f10x_md.o(.text) for Reset_Handler
    startup_stm32f10x_md.o(RESET) refers to stm32f10x_it.o(i.NMI_Handler) for NMI_Handler
    startup_stm32f10x_md.o(RESET) refers to stm32f10x_it.o(i.HardFault_Handler) for HardFault_Handler
    startup_stm32f10x_md.o(RESET) refers to stm32f10x_it.o(i.MemManage_Handler) for MemManage_Handler
    startup_stm32f10x_md.o(RESET) refers to stm32f10x_it.o(i.BusFault_Handler) for BusFault_Handler
    startup_stm32f10x_md.o(RESET) refers to stm32f10x_it.o(i.UsageFault_Handler) for UsageFault_Handler
    startup_stm32f10x_md.o(RESET) refers to stm32f10x_it.o(i.SVC_Handler) for SVC_Handler
    startup_stm32f10x_md.o(RESET) refers to stm32f10x_it.o(i.DebugMon_Handler) for DebugMon_Handler
    startup_stm32f10x_md.o(RESET) refers to stm32f10x_it.o(i.PendSV_Handler) for PendSV_Handler
    startup_stm32f10x_md.o(RESET) refers to stm32f10x_it.o(i.SysTick_Handler) for SysTick_Handler
    startup_stm32f10x_md.o(RESET) refers to main.o(i.TIM3_IRQHandler) for TIM3_IRQHandler
    startup_stm32f10x_md.o(RESET) refers to usart1.o(i.USART1_IRQHandler) for USART1_IRQHandler
    startup_stm32f10x_md.o(.text) refers (Special) to heapauxi.o(.text) for __use_two_region_memory
    startup_stm32f10x_md.o(.text) refers to system_stm32f10x.o(i.SystemInit) for SystemInit
    startup_stm32f10x_md.o(.text) refers to __main.o(!!!main) for __main
    startup_stm32f10x_md.o(.text) refers to startup_stm32f10x_md.o(HEAP) for Heap_Mem
    startup_stm32f10x_md.o(.text) refers to startup_stm32f10x_md.o(STACK) for Stack_Mem
    stm32f10x_adc.o(i.ADC_DeInit) refers to stm32f10x_rcc.o(i.RCC_APB2PeriphResetCmd) for RCC_APB2PeriphResetCmd
    stm32f10x_gpio.o(i.GPIO_AFIODeInit) refers to stm32f10x_rcc.o(i.RCC_APB2PeriphResetCmd) for RCC_APB2PeriphResetCmd
    stm32f10x_gpio.o(i.GPIO_DeInit) refers to stm32f10x_rcc.o(i.RCC_APB2PeriphResetCmd) for RCC_APB2PeriphResetCmd
    stm32f10x_rcc.o(i.RCC_GetClocksFreq) refers to stm32f10x_rcc.o(.data) for APBAHBPrescTable
    stm32f10x_rcc.o(i.RCC_WaitForHSEStartUp) refers to stm32f10x_rcc.o(i.RCC_GetFlagStatus) for RCC_GetFlagStatus
    stm32f10x_rtc.o(i.RTC_SetAlarm) refers to stm32f10x_rtc.o(i.RTC_EnterConfigMode) for RTC_EnterConfigMode
    stm32f10x_rtc.o(i.RTC_SetAlarm) refers to stm32f10x_rtc.o(i.RTC_ExitConfigMode) for RTC_ExitConfigMode
    stm32f10x_rtc.o(i.RTC_SetCounter) refers to stm32f10x_rtc.o(i.RTC_EnterConfigMode) for RTC_EnterConfigMode
    stm32f10x_rtc.o(i.RTC_SetCounter) refers to stm32f10x_rtc.o(i.RTC_ExitConfigMode) for RTC_ExitConfigMode
    stm32f10x_rtc.o(i.RTC_SetPrescaler) refers to stm32f10x_rtc.o(i.RTC_EnterConfigMode) for RTC_EnterConfigMode
    stm32f10x_rtc.o(i.RTC_SetPrescaler) refers to stm32f10x_rtc.o(i.RTC_ExitConfigMode) for RTC_ExitConfigMode
    stm32f10x_tim.o(i.TIM_DeInit) refers to stm32f10x_rcc.o(i.RCC_APB2PeriphResetCmd) for RCC_APB2PeriphResetCmd
    stm32f10x_tim.o(i.TIM_DeInit) refers to stm32f10x_rcc.o(i.RCC_APB1PeriphResetCmd) for RCC_APB1PeriphResetCmd
    stm32f10x_tim.o(i.TIM_ETRClockMode1Config) refers to stm32f10x_tim.o(i.TIM_ETRConfig) for TIM_ETRConfig
    stm32f10x_tim.o(i.TIM_ETRClockMode2Config) refers to stm32f10x_tim.o(i.TIM_ETRConfig) for TIM_ETRConfig
    stm32f10x_tim.o(i.TIM_ICInit) refers to stm32f10x_tim.o(i.TI1_Config) for TI1_Config
    stm32f10x_tim.o(i.TIM_ICInit) refers to stm32f10x_tim.o(i.TIM_SetIC1Prescaler) for TIM_SetIC1Prescaler
    stm32f10x_tim.o(i.TIM_ICInit) refers to stm32f10x_tim.o(i.TI2_Config) for TI2_Config
    stm32f10x_tim.o(i.TIM_ICInit) refers to stm32f10x_tim.o(i.TIM_SetIC2Prescaler) for TIM_SetIC2Prescaler
    stm32f10x_tim.o(i.TIM_ICInit) refers to stm32f10x_tim.o(i.TI3_Config) for TI3_Config
    stm32f10x_tim.o(i.TIM_ICInit) refers to stm32f10x_tim.o(i.TIM_SetIC3Prescaler) for TIM_SetIC3Prescaler
    stm32f10x_tim.o(i.TIM_ICInit) refers to stm32f10x_tim.o(i.TI4_Config) for TI4_Config
    stm32f10x_tim.o(i.TIM_ICInit) refers to stm32f10x_tim.o(i.TIM_SetIC4Prescaler) for TIM_SetIC4Prescaler
    stm32f10x_tim.o(i.TIM_ITRxExternalClockConfig) refers to stm32f10x_tim.o(i.TIM_SelectInputTrigger) for TIM_SelectInputTrigger
    stm32f10x_tim.o(i.TIM_PWMIConfig) refers to stm32f10x_tim.o(i.TI1_Config) for TI1_Config
    stm32f10x_tim.o(i.TIM_PWMIConfig) refers to stm32f10x_tim.o(i.TIM_SetIC1Prescaler) for TIM_SetIC1Prescaler
[...]
    ../clib/signal.c                         0x00000000   Number         0  defsig_pvfn_inner.o ABSOLUTE
    ../clib/signal.c                         0x00000000   Number         0  defsig_stak_inner.o ABSOLUTE
    ../clib/signal.c                         0x00000000   Number         0  defsig_rtred_inner.o ABSOLUTE
    ../clib/signal.c                         0x00000000   Number         0  defsig_other.o ABSOLUTE
    ../clib/signal.s                         0x00000000   Number         0  defsig.o ABSOLUTE
    ../clib/stdlib.c                         0x00000000   Number         0  exit.o ABSOLUTE
    ../clib/string.c                         0x00000000   Number         0  strstr.o ABSOLUTE
    ../clib/string.c                         0x00000000   Number         0  strlen.o ABSOLUTE
    ../clib/string.c                         0x00000000   Number         0  strchr.o ABSOLUTE
    ../fplib/d2f.s                           0x00000000   Number         0  d2f.o ABSOLUTE
    ../fplib/dflt.s                          0x00000000   Number         0  dflt_clz.o ABSOLUTE
    ../fplib/dmul.s                          0x00000000   Number         0  dmul.o ABSOLUTE
    ../fplib/dnaninf.s                       0x00000000   Number         0  dnaninf.o ABSOLUTE
    ../fplib/dretinf.s                       0x00000000   Number         0  dretinf.o ABSOLUTE
    ../fplib/faddsub.s                       0x00000000   Number         0  faddsub_clz.o ABSOLUTE
    ../fplib/fcmpi.s                         0x00000000   Number         0  fcmpi.o ABSOLUTE
    ../fplib/fdiv.s                          0x00000000   Number         0  fdiv.o ABSOLUTE
    ../fplib/ffixu.s                         0x00000000   Number         0  ffixu.o ABSOLUTE
    ../fplib/fflt.s                          0x00000000   Number         0  fflt_clz.o ABSOLUTE
    ../fplib/fleqf.s                         0x00000000   Number         0  fleqf.o ABSOLUTE
    ../fplib/fmul.s                          0x00000000   Number         0  fmul.o ABSOLUTE
    ../fplib/fnaninf.s                       0x00000000   Number         0  fnaninf.o ABSOLUTE
    ../fplib/fpinit.s                        0x00000000   Number         0  fpinit.o ABSOLUTE
    ../fplib/fretinf.s                       0x00000000   Number         0  fretinf.o ABSOLUTE
    ../fplib/frleqf.s                        0x00000000   Number         0  frleqf.o ABSOLUTE
    ../fplib/usenofp.s                       0x00000000   Number         0  usenofp.o ABSOLUTE
    ..\CMSIS\core_cm3.c                      0x00000000   Number         0  core_cm3.o ABSOLUTE
    ..\CMSIS\startup_stm32f10x_md.s          0x00000000   Number         0  startup_stm32f10x_md.o ABSOLUTE
    ..\Driver\OLED_I2C.c                     0x00000000   Number         0  oled_i2c.o ABSOLUTE
    ..\Driver\adc.c                          0x00000000   Number         0  adc.o ABSOLUTE
    ..\Driver\dht11.c                        0x00000000   Number         0  dht11.o ABSOLUTE
    ..\Driver\esp8266.c                      0x00000000   Number         0  esp8266.o ABSOLUTE
    ..\Driver\gpio.c                         0x00000000   Number         0  gpio.o ABSOLUTE
    ..\Driver\timer.c                        0x00000000   Number         0  timer.o ABSOLUTE
    ..\Libraries\src\misc.c                  0x00000000   Number         0  misc.o ABSOLUTE
    ..\Libraries\src\stm32f10x_adc.c         0x00000000   Number         0  stm32f10x_adc.o ABSOLUTE
    ..\Libraries\src\stm32f10x_exti.c        0x00000000   Number         0  stm32f10x_exti.o ABSOLUTE
    ..\Libraries\src\stm32f10x_flash.c       0x00000000   Number         0  stm32f10x_flash.o ABSOLUTE
    ..\Libraries\src\stm32f10x_gpio.c        0x00000000   Number         0  stm32f10x_gpio.o ABSOLUTE
    ..\Libraries\src\stm32f10x_i2c.c         0x00000000   Number         0  stm32f10x_i2c.o ABSOLUTE
    ..\Libraries\src\stm32f10x_rcc.c         0x00000000   Number         0  stm32f10x_rcc.o ABSOLUTE
    ..\Libraries\src\stm32f10x_rtc.c         0x00000000   Number         0  stm32f10x_rtc.o ABSOLUTE
    ..\Libraries\src\stm32f10x_tim.c         0x00000000   Number         0  stm32f10x_tim.o ABSOLUTE
    ..\Libraries\src\stm32f10x_usart.c       0x00000000   Number         0  stm32f10x_usart.o ABSOLUTE
    ..\SYSTEM\delay\delay.c                  0x00000000   Number         0  delay.o ABSOLUTE
    ..\SYSTEM\sys\sys.c                      0x00000000   Number         0  sys.o ABSOLUTE
    ..\System\kalman\kalman_filter.c         0x00000000   Number         0  kalman_filter.o ABSOLUTE
    ..\System\pid\PID.c                      0x00000000   Number         0  pid.o ABSOLUTE
    ..\System\pwm\pwm.c                      0x00000000   Number         0  pwm.o ABSOLUTE
    ..\System\usart\usart1.c                 0x00000000   Number         0  usart1.o ABSOLUTE
    ..\\CMSIS\\core_cm3.c                    0x00000000   Number         0  core_cm3.o ABSOLUTE
    dc.s                                     0x00000000   Number         0  dc.o ABSOLUTE
    main.c                                   0x00000000   Number         0  main.o ABSOLUTE
    stm32f10x_it.c                           0x00000000   Number         0  stm32f10x_it.o ABSOLUTE
    system_stm32f10x.c                       0x00000000   Number         0  system_stm32f10x.o ABSOLUTE
    RESET                                    0x08000000   Section      236  startup_stm32f10x_md.o(RESET)
    !!!main                                  0x080000ec   Section        8  __main.o(!!!main)
    !!!scatter                               0x080000f4   Section       52  __scatter.o(!!!scatter)
    !!dczerorl2                              0x08000128   Section       90  __dczerorl2.o(!!dczerorl2)
    !!handler_zi                             0x08000184   Section       28  __scatter_zi.o(!!handler_zi)
    .ARM.Collect$$_printf_percent$$00000000  0x080001a0   Section        0  _printf_percent.o(.ARM.Collect$$_printf_percent$$00000000)
    .ARM.Collect$$_printf_percent$$00000009  0x080001a0   Section        6  _printf_d.o(.ARM.Collect$$_printf_percent$$00000009)
    .ARM.Collect$$_printf_percent$$00000017  0x080001a6   Section        4  _printf_percent_end.o(.ARM.Collect$$_printf_percent$$00000017)
    .ARM.Collect$$libinit$$00000000          0x080001aa   Section        2  libinit.o(.ARM.Collect$$libinit$$00000000)
    .ARM.Collect$$libinit$$00000002          0x080001ac   Section        0  libinit2.o(.ARM.Collect$$libinit$$00000002)
    .ARM.Collect$$libinit$$00000004          0x080001ac   Section        0  libinit2.o(.ARM.Collect$$libinit$$00000004)
    .ARM.Collect$$libinit$$0000000A          0x080001ac   Section        0  libinit2.o(.ARM.Collect$$libinit$$0000000A)
    .ARM.Collect$$libinit$$0000000C          0x080001ac   Section        0  libinit2.o(.ARM.Collect$$libinit$$0000000C)
    .ARM.Collect$$libinit$$0000000E          0x080001ac   Section        0  libinit2.o(.ARM.Collect$$libinit$$0000000E)
    .ARM.Collect$$libinit$$0000000F          0x080001ac   Section        6  libinit2.o(.ARM.Collect$$libinit$$0000000F)
    .ARM.Collect$$libinit$$00000011          0x080001b2   Section        0  libinit2.o(.ARM.Collect$$libinit$$00000011)
    .ARM.Collect$$libinit$$00000012          0x080001b2   Section       12  libinit2.o(.ARM.Collect$$libinit$$00000012)
    .ARM.Collect$$libinit$$00000013          0x080001be   Section        0  libinit2.o(.ARM.Collect$$libinit$$00000013)
    .ARM.Collect$$libinit$$00000015          0x080001be   Section        0  libinit2.o(.ARM.Collect$$libinit$$00000015)
    .ARM.Collect$$libinit$$00000017          0x080001be   Section        0  libinit2.o(.ARM.Collect$$libinit$$00000017)
    .ARM.Collect$$libinit$$00000019          0x080001be   Section        0  libinit2.o(.ARM.Collect$$libinit$$00000019)
    .ARM.Collect$$libinit$$0000001B          0x080001be   Section        0  libinit2.o(.ARM.Collect$$libinit$$0000001B)
    .ARM.Collect$$libinit$$0000001D          0x080001be   Section        0  libinit2.o(.ARM.Collect$$libinit$$0000001D)
    .ARM.Collect$$libinit$$0000001F          0x080001be   Section        0  libinit2.o(.ARM.Collect$$libinit$$0000001F)
    .ARM.Collect$$libinit$$00000021          0x080001be   Section        0  libinit2.o(.ARM.Collect$$libinit$$00000021)
    .ARM.Collect$$libinit$$00000023          0x080001be   Section        0  libinit2.o(.ARM.Collect$$libinit$$00000023)
    .ARM.Collect$$libinit$$00000025          0x080001be   Section        0  libinit2.o(.ARM.Collect$$libinit$$00000025)
    .ARM.Collect$$libinit$$0000002C          0x080001be   Section        0  libinit2.o(.ARM.Collect$$libinit$$0000002C)
    .ARM.Collect$$libinit$$0000002E          0x080001be   Section        0  libinit2.o(.ARM.Collect$$libinit$$0000002E)
    .ARM.Collect$$libinit$$00000030          0x080001be   Section        0  libinit2.o(.ARM.Collect$$libinit$$00000030)
    .ARM.Collect$$libinit$$00000032          0x080001be   Section        0  libinit2.o(.ARM.Collect$$libinit$$00000032)
    .ARM.Collect$$libinit$$00000033          0x080001be   Section        2  libinit2.o(.ARM.Collect$$libinit$$00000033)
    .ARM.Collect$$libshutdown$$00000000      0x080001c0   Section        2  libshutdown.o(.ARM.Collect$$libshutdown$$00000000)
    .ARM.Collect$$libshutdown$$00000002      0x080001c2   Section        0  libshutdown2.o(.ARM.Collect$$libshutdown$$00000002)
    .ARM.Collect$$libshutdown$$00000004      0x080001c2   Section        0  libshutdown2.o(.ARM.Collect$$libshutdown$$00000004)
    .ARM.Collect$$libshutdown$$00000006      0x080001c2   Section        0  libshutdown2.o(.ARM.Collect$$libshutdown$$00000006)
    .ARM.Collect$$libshutdown$$00000009      0x080001c2   Section        0  libshutdown2.o(.ARM.Collect$$libshutdown$$00000009)
    .ARM.Collect$$libshutdown$$0000000C      0x080001c2   Section        0  libshutdown2.o(.ARM.Collect$$libshutdown$$0000000C)
    .ARM.Collect$$libshutdown$$0000000E      0x080001c2   Section        0  libshutdown2.o(.ARM.Collect$$libshutdown$$0000000E)
    .ARM.Collect$$libshutdown$$00000011      0x080001c2   Section        0  libshutdown2.o(.ARM.Collect$$libshutdown$$00000011)
    .ARM.Collect$$libshutdown$$00000012      0x080001c2   Section        2  libshutdown2.o(.ARM.Collect$$libshutdown$$00000012)
    .ARM.Collect$$rtentry$$00000000          0x080001c4   Section        0  __rtentry.o(.ARM.Collect$$rtentry$$00000000)
    .ARM.Collect$$rtentry$$00000002          0x080001c4   Section        0  __rtentry2.o(.ARM.Collect$$rtentry$$00000002)
    .ARM.Collect$$rtentry$$00000004          0x080001c4   Section        6  __rtentry4.o(.ARM.Collect$$rtentry$$00000004)
    .ARM.Collect$$rtentry$$00000009          0x080001ca   Section        0  __rtentry2.o(.ARM.Collect$$rtentry$$00000009)
    .ARM.Collect$$rtentry$$0000000A          0x080001ca   Section        4  __rtentry2.o(.ARM.Collect$$rtentry$$0000000A)
    .ARM.Collect$$rtentry$$0000000C          0x080001ce   Section        0  __rtentry2.o(.ARM.Collect$$rtentry$$0000000C)
    .ARM.Collect$$rtentry$$0000000D          0x080001ce   Section        8  __rtentry2.o(.ARM.Collect$$rtentry$$0000000D)
    .ARM.Collect$$rtexit$$00000000           0x080001d6   Section        2  rtexit.o(.ARM.Collect$$rtexit$$00000000)
    .ARM.Collect$$rtexit$$00000002           0x080001d8   Section        0  rtexit2.o(.ARM.Collect$$rtexit$$00000002)
    .ARM.Collect$$rtexit$$00000003           0x080001d8   Section        4  rtexit2.o(.ARM.Collect$$rtexit$$00000003)
    .ARM.Collect$$rtexit$$00000004           0x080001dc   Section        6  rtexit2.o(.ARM.Collect$$rtexit$$00000004)
    .text                                    0x080001e4   Section       64  startup_stm32f10x_md.o(.text)
    .text                                    0x08000224   Section        2  use_no_semi_2.o(.text)
    .text                                    0x08000228   Section        0  noretval__2sprintf.o(.text)
    .text                                    0x08000250   Section        0  __printf.o(.text)
    .text                                    0x080002b8   Section        0  _printf_dec.o(.text)
    .text                                    0x08000330   Section        0  atoi.o(.text)
    .text                                    0x0800034a   Section        0  strstr.o(.text)
    .text                                    0x0800036e   Section      100  rt_memcpy_w.o(.text)
    .text                                    0x080003d2   Section       78  rt_memclr_w.o(.text)
    .text                                    0x08000420   Section        0  heapauxi.o(.text)
    .text                                    0x08000426   Section        2  use_no_semi.o(.text)
    .text                                    0x08000428   Section        8  rt_errno_addr_intlibspace.o(.text)
    .text                                    0x08000430   Section        0  _printf_intcommon.o(.text)
    .text                                    0x080004e4   Section        0  _printf_char_common.o(.text)
    _printf_input_char                       0x080004e5   Thumb Code    10  _printf_char_common.o(.text)
    .text                                    0x08000514   Section        0  _sputc.o(.text)
    .text                                    0x0800051e   Section        0  strtol.o(.text)
    .text                                    0x08000590   Section        8  libspace.o(.text)
    .text                                    0x08000598   Section       16  rt_ctype_table.o(.text)
    .text                                    0x080005a8   Section        0  _strtoul.o(.text)
    .text                                    0x08000646   Section       74  sys_stackheap_outer.o(.text)
    .text                                    0x08000690   Section        8  rt_locale_intlibspace.o(.text)
    .text                                    0x08000698   Section        0  _chval.o(.text)
    .text                                    0x080006b4   Section        0  exit.o(.text)
    .text                                    0x080006c8   Section      128  strcmpv7m.o(.text)
    i.ADC_Cmd                                0x08000748   Section        0  stm32f10x_adc.o(i.ADC_Cmd)
    i.ADC_DeInit                             0x08000760   Section        0  stm32f10x_adc.o(i.ADC_DeInit)
    i.ADC_GetCalibrationStatus               0x080007bc   Section        0  stm32f10x_adc.o(i.ADC_GetCalibrationStatus)
    i.ADC_GetConversionValue                 0x080007d0   Section        0  stm32f10x_adc.o(i.ADC_GetConversionValue)
    i.ADC_GetFlagStatus                      0x080007d8   Section        0  stm32f10x_adc.o(i.ADC_GetFlagStatus)
    i.ADC_GetResetCalibrationStatus          0x080007ea   Section        0  stm32f10x_adc.o(i.ADC_GetResetCalibrationStatus)
    i.ADC_Init                               0x08000800   Section        0  stm32f10x_adc.o(i.ADC_Init)
    i.ADC_RegularChannelConfig               0x08000850   Section        0  stm32f10x_adc.o(i.ADC_RegularChannelConfig)
    i.ADC_ResetCalibration                   0x08000908   Section        0  stm32f10x_adc.o(i.ADC_ResetCalibration)
    i.ADC_SoftwareStartConvCmd               0x08000912   Section        0  stm32f10x_adc.o(i.ADC_SoftwareStartConvCmd)
    i.ADC_StartCalibration                   0x08000928   Section        0  stm32f10x_adc.o(i.ADC_StartCalibration)
    i.Adc_Init                               0x08000934   Section        0  adc.o(i.Adc_Init)
    i.BusFault_Handler                       0x080009c0   Section        0  stm32f10x_it.o(i.BusFault_Handler)
    i.DHT11_IO_IN                            0x080009c4   Section        0  dht11.o(i.DHT11_IO_IN)
    i.DHT11_IO_OUT                           0x080009e4   Section        0  dht11.o(i.DHT11_IO_OUT)
    i.DHT11_Init                             0x08000a08   Section        0  dht11.o(i.DHT11_Init)
    i.DHT11_ReadByte                         0x08000a9c   Section        0  dht11.o(i.DHT11_ReadByte)
    i.DHT11_Read_Data                        0x08000b20   Section        0  dht11.o(i.DHT11_Read_Data)
    i.DebugMon_Handler                       0x08000b74   Section        0  stm32f10x_it.o(i.DebugMon_Handler)
    i.GPIO_Init                              0x08000b76   Section        0  stm32f10x_gpio.o(i.GPIO_Init)
    i.GPIO_PinRemapConfig                    0x08000c8c   Section        0  stm32f10x_gpio.o(i.GPIO_PinRemapConfig)
    i.GPIO_ReadInputDataBit                  0x08000d1c   Section        0  stm32f10x_gpio.o(i.GPIO_ReadInputDataBit)
    i.GPIO_ResetBits                         0x08000d2e   Section        0  stm32f10x_gpio.o(i.GPIO_ResetBits)
    i.GPIO_SetBits                           0x08000d32   Section        0  stm32f10x_gpio.o(i.GPIO_SetBits)
    i.Get_Adc                                0x08000d38   Section        0  adc.o(i.Get_Adc)
    i.Get_Adc_Average                        0x08000d6c   Section        0  adc.o(i.Get_Adc_Average)
    i.HardFault_Handler                      0x08000d9a   Section        0  stm32f10x_it.o(i.HardFault_Handler)
    i.I2C_Configuration                      0x08000d9e   Section        0  oled_i2c.o(i.I2C_Configuration)
    i.I2C_WriteByte                          0x08000da6   Section        0  oled_i2c.o(i.I2C_WriteByte)
    i.InitDisplay                            0x08000dd4   Section        0  main.o(i.InitDisplay)
    i.KEY_GPIO_Init                          0x08000e8c   Section        0  gpio.o(i.KEY_GPIO_Init)
    i.Kalman_filter_init                     0x08000f08   Section        0  main.o(i.Kalman_filter_init)
    i.LED_pwm_Init                           0x08000f74   Section        0  pwm.o(i.LED_pwm_Init)
    i.LED_pwm_close                          0x08000ff8   Section        0  pwm.o(i.LED_pwm_close)
    i.LED_pwm_set                            0x08001008   Section        0  pwm.o(i.LED_pwm_set)
    i.MOTOR_GPIO_Init                        0x08001024   Section        0  gpio.o(i.MOTOR_GPIO_Init)
    i.MemManage_Handler                      0x0800105c   Section        0  stm32f10x_it.o(i.MemManage_Handler)
    i.NMI_Handler                            0x08001060   Section        0  stm32f10x_it.o(i.NMI_Handler)
    i.NVIC_Configuration                     0x08001062   Section        0  sys.o(i.NVIC_Configuration)
    i.NVIC_Init                              0x08001070   Section        0  misc.o(i.NVIC_Init)
    i.NVIC_PriorityGroupConfig               0x080010e0   Section        0  misc.o(i.NVIC_PriorityGroupConfig)
    i.OLED_CLS                               0x080010f4   Section        0  oled_i2c.o(i.OLED_CLS)
    i.OLED_Fill                              0x080010fe   Section        0  oled_i2c.o(i.OLED_Fill)
    i.OLED_Init                              0x08001138   Section        0  oled_i2c.o(i.OLED_Init)
    i.OLED_SetPos                            0x080011ea   Section        0  oled_i2c.o(i.OLED_SetPos)
    i.OLED_ShowCN                            0x08001214   Section        0  oled_i2c.o(i.OLED_ShowCN)
    i.OLED_ShowCentigrade                    0x08001290   Section        0  oled_i2c.o(i.OLED_ShowCentigrade)
    i.OLED_ShowChar                          0x08001300   Section        0  oled_i2c.o(i.OLED_ShowChar)
    i.OLED_ShowStr                           0x080013f8   Section        0  oled_i2c.o(i.OLED_ShowStr)
    i.PIDController_Init                     0x08001538   Section        0  pid.o(i.PIDController_Init)
    i.PIDController_Update                   0x08001546   Section        0  pid.o(i.PIDController_Update)
    i.PendSV_Handler                         0x0800164c   Section        0  stm32f10x_it.o(i.PendSV_Handler)
    i.RCC_ADCCLKConfig                       0x08001650   Section        0  stm32f10x_rcc.o(i.RCC_ADCCLKConfig)
    i.RCC_APB1PeriphClockCmd                 0x08001668   Section        0  stm32f10x_rcc.o(i.RCC_APB1PeriphClockCmd)
    i.RCC_APB2PeriphClockCmd                 0x08001688   Section        0  stm32f10x_rcc.o(i.RCC_APB2PeriphClockCmd)
    i.RCC_APB2PeriphResetCmd                 0x080016a8   Section        0  stm32f10x_rcc.o(i.RCC_APB2PeriphResetCmd)
    i.SVC_Handler                            0x080016c8   Section        0  stm32f10x_it.o(i.SVC_Handler)
    i.SetSysClock                            0x080016ca   Section        0  system_stm32f10x.o(i.SetSysClock)
    SetSysClock                              0x080016cb   Thumb Code     8  system_stm32f10x.o(i.SetSysClock)
    i.SetSysClockTo72                        0x080016d4   Section        0  system_stm32f10x.o(i.SetSysClockTo72)
    SetSysClockTo72                          0x080016d5   Thumb Code   214  system_stm32f10x.o(i.SetSysClockTo72)
    i.SysTick_CLKSourceConfig                0x080017b4   Section        0  misc.o(i.SysTick_CLKSourceConfig)
    i.SysTick_Handler                        0x080017dc   Section        0  stm32f10x_it.o(i.SysTick_Handler)
    i.SystemInit                             0x080017e0   Section        0  system_stm32f10x.o(i.SystemInit)
    i.TIM3_IRQHandler                        0x08001840   Section        0  main.o(i.TIM3_IRQHandler)
    i.TIM3_Init                              0x080018bc   Section        0  timer.o(i.TIM3_Init)
    i.TIM_ClearITPendingBit                  0x08001918   Section        0  stm32f10x_tim.o(i.TIM_ClearITPendingBit)
    i.TIM_Cmd                                0x0800191e   Section        0  stm32f10x_tim.o(i.TIM_Cmd)
    i.TIM_GetITStatus                        0x08001936   Section        0  stm32f10x_tim.o(i.TIM_GetITStatus)
    i.TIM_ITConfig                           0x08001958   Section        0  stm32f10x_tim.o(i.TIM_ITConfig)
    i.TIM_OC2Init                            0x0800196c   Section        0  stm32f10x_tim.o(i.TIM_OC2Init)
    i.TIM_OC2PreloadConfig                   0x08001a10   Section        0  stm32f10x_tim.o(i.TIM_OC2PreloadConfig)
    i.TIM_SetCompare2                        0x08001a2a   Section        0  stm32f10x_tim.o(i.TIM_SetCompare2)
    i.TIM_TimeBaseInit                       0x08001a30   Section        0  stm32f10x_tim.o(i.TIM_TimeBaseInit)
    i.USART1_IRQHandler                      0x08001ad4   Section        0  usart1.o(i.USART1_IRQHandler)
    i.USART_ClearITPendingBit                0x08001b14   Section        0  stm32f10x_usart.o(i.USART_ClearITPendingBit)
    i.USART_GetITStatus                      0x08001b32   Section        0  stm32f10x_usart.o(i.USART_GetITStatus)
    i.USART_ReceiveData                      0x08001b86   Section        0  stm32f10x_usart.o(i.USART_ReceiveData)
    i.UsageFault_Handler                     0x08001b90   Section        0  stm32f10x_it.o(i.UsageFault_Handler)
    i.UsartSendReceiveData                   0x08001b94   Section        0  main.o(i.UsartSendReceiveData)
    i.WriteCmd                               0x08001d68   Section        0  oled_i2c.o(i.WriteCmd)
    i.WriteDat                               0x08001d76   Section        0  oled_i2c.o(i.WriteDat)
    i._sys_exit                              0x08001d84   Section        0  usart1.o(i._sys_exit)
    i.bsp_InitI2C_2                          0x08001d88   Section        0  oled_i2c.o(i.bsp_InitI2C_2)
    i.delay_init                             0x08001dc8   Section        0  delay.o(i.delay_init)
    i.delay_ms                               0x08001e0c   Section        0  delay.o(i.delay_ms)
    i.delay_us                               0x08001e58   Section        0  delay.o(i.delay_us)
    i.displayDHT11TempAndHumi                0x08001ea4   Section        0  main.o(i.displayDHT11TempAndHumi)
    i.displayLight                           0x08001f8c   Section        0  main.o(i.displayLight)
    i.displaySetValue                        0x08002094   Section        0  main.o(i.displaySetValue)
    i.displaySoilMoisture                    0x080021a8   Section        0  main.o(i.displaySoilMoisture)
    i.i2c_SendByte_2                         0x0800229c   Section        0  oled_i2c.o(i.i2c_SendByte_2)
    i.i2c_Start_2                            0x080022f0   Section        0  oled_i2c.o(i.i2c_Start_2)
    i.i2c_Stop_2                             0x08002320   Section        0  oled_i2c.o(i.i2c_Stop_2)
    i.i2c_WaitAck_2                          0x08002348   Section        0  oled_i2c.o(i.i2c_WaitAck_2)
    i.kalman_filter                          0x08002394   Section        0  kalman_filter.o(i.kalman_filter)
    i.kalman_init                            0x08002430   Section        0  kalman_filter.o(i.kalman_init)
    i.keyscan                                0x08002450   Section        0  main.o(i.keyscan)
    i.main                                   0x0800264c   Section        0  main.o(i.main)
    locale$$code                             0x080027f4   Section       44  lc_ctype_c.o(locale$$code)
    x$fpl$d2f                                0x08002820   Section       98  d2f.o(x$fpl$d2f)
    x$fpl$dfltu                              0x08002882   Section       38  dflt_clz.o(x$fpl$dfltu)
    x$fpl$dmul                               0x080028a8   Section      340  dmul.o(x$fpl$dmul)
    x$fpl$dnaninf                            0x080029fc   Section      156  dnaninf.o(x$fpl$dnaninf)
    x$fpl$dretinf                            0x08002a98   Section       12  dretinf.o(x$fpl$dretinf)
    x$fpl$fadd                               0x08002aa4   Section      196  faddsub_clz.o(x$fpl$fadd)
    _fadd1                                   0x08002ab3   Thumb Code     0  faddsub_clz.o(x$fpl$fadd)
    x$fpl$fcmpinf                            0x08002b68   Section       24  fcmpi.o(x$fpl$fcmpinf)
    x$fpl$fdiv                               0x08002b80   Section      388  fdiv.o(x$fpl$fdiv)
    _fdiv1                                   0x08002b81   Thumb Code     0  fdiv.o(x$fpl$fdiv)
    x$fpl$ffixu                              0x08002d04   Section       62  ffixu.o(x$fpl$ffixu)
    x$fpl$ffltu                              0x08002d44   Section       38  fflt_clz.o(x$fpl$ffltu)
    x$fpl$fleqf                              0x08002d6c   Section      104  fleqf.o(x$fpl$fleqf)
    x$fpl$fmul                               0x08002dd4   Section      258  fmul.o(x$fpl$fmul)
    x$fpl$fnaninf                            0x08002ed6   Section      140  fnaninf.o(x$fpl$fnaninf)
    x$fpl$fretinf                            0x08002f62   Section       10  fretinf.o(x$fpl$fretinf)
    x$fpl$frleqf                             0x08002f6c   Section       98  frleqf.o(x$fpl$frleqf)
    x$fpl$frsb                               0x08002fce   Section       20  faddsub_clz.o(x$fpl$frsb)
    x$fpl$fsub                               0x08002fe4   Section      234  faddsub_clz.o(x$fpl$fsub)
    _fsub1                                   0x08002ff3   Thumb Code     0  faddsub_clz.o(x$fpl$fsub)
    .constdata                               0x080030ce   Section     2072  oled_i2c.o(.constdata)
    x$fpl$usenofp                            0x080030ce   Section        0  usenofp.o(x$fpl$usenofp)
    locale$$data                             0x08003908   Section      272  lc_ctype_c.o(locale$$data)
    __lcctype_c_name                         0x0800390c   Data           2  lc_ctype_c.o(locale$$data)
    __lcctype_c_start                        0x08003914   Data           0  lc_ctype_c.o(locale$$data)
    __lcctype_c_end                          0x08003a18   Data           0  lc_ctype_c.o(locale$$data)
    .data                                    0x20000000   Section      576  oled_i2c.o(.data)
    .data                                    0x20000240   Section       84  main.o(.data)
    timeCount1                               0x20000290   Data           2  main.o(.data)
    timeCount2                               0x20000292   Data           2  main.o(.data)
    .data                                    0x20000294   Section       20  system_stm32f10x.o(.data)
    .data                                    0x200002a8   Section        4  delay.o(.data)
    fac_us                                   0x200002a8   Data           1  delay.o(.data)
    fac_ms                                   0x200002aa   Data           2  delay.o(.data)
    .data                                    0x200002ac   Section        8  usart1.o(.data)
    .bss                                     0x200002b4   Section       72  main.o(.bss)
    .bss                                     0x200002fc   Section       90  usart1.o(.bss)
    .bss                                     0x20000358   Section       96  libspace.o(.bss)
    HEAP                                     0x200003b8   Section      512  startup_stm32f10x_md.o(HEAP)
    Heap_Mem                                 0x200003b8   Data         512  startup_stm32f10x_md.o(HEAP)
    STACK                                    0x200005b8   Section     1024  startup_stm32f10x_md.o(STACK)
    Stack_Mem                                0x200005b8   Data        1024  startup_stm32f10x_md.o(STACK)
    __initial_sp                             0x200009b8   Data           0  startup_stm32f10x_md.o(STACK)

    Global Symbols

    Symbol Name                              Value     Ov Type        Size  Object(Section)

    BuildAttributes$$THM_ISAv4$P$D$K$B$S$PE$A:L22UL41UL21$X:L11$S22US41US21$IEEE1$IW$USESV6$~STKCKD$USESV7$~SHL$OSPACE$ROPI$EBA8$UX$STANDARDLIB$REQ8$PRES8$EABIv2 0x00000000   Number         0  anon$$obj.o ABSOLUTE
    __ARM_use_no_argv                        0x00000000   Number         0  main.o ABSOLUTE
    __ARM_exceptions_init                     - Undefined Weak Reference
    __alloca_initialize                       - Undefined Weak Reference
    __arm_fini_                               - Undefined Weak Reference
    __arm_preinit_                            - Undefined Weak Reference
    __cpp_initialize__aeabi_                  - Undefined Weak Reference
    __cxa_finalize                            - Undefined Weak Reference
    __sigvec_lookup                           - Undefined Weak Reference
    _atexit_init                              - Undefined Weak Reference
    _call_atexit_fns                          - Undefined Weak Reference
    _clock_init                               - Undefined Weak Reference
    _fp_trap_init                             - Undefined Weak Reference
    _fp_trap_shutdown                         - Undefined Weak Reference
    _get_lc_collate                           - Undefined Weak Reference
    _get_lc_monetary                          - Undefined Weak Reference
    _get_lc_numeric                           - Undefined Weak Reference
    _get_lc_time                              - Undefined Weak Reference
    _getenv_init                              - Undefined Weak Reference
    _handle_redirection                       - Undefined Weak Reference
    _init_alloc                               - Undefined Weak Reference
    _init_user_alloc                          - Undefined Weak Reference
    _initio                                   - Undefined Weak Reference
    _printf_post_padding                      - Undefined Weak Reference
    _printf_pre_padding                       - Undefined Weak Reference
    _printf_truncate_signed                   - Undefined Weak Reference
    _printf_truncate_unsigned                 - Undefined Weak Reference
    _rand_init                                - Undefined Weak Reference
    _signal_finish                            - Undefined Weak Reference
    _signal_init                              - Undefined Weak Reference
    _terminate_alloc                          - Undefined Weak Reference
    _terminate_user_alloc                     - Undefined Weak Reference
    _terminateio                              - Undefined Weak Reference
    __Vectors_Size                           0x000000ec   Number         0  startup_stm32f10x_md.o ABSOLUTE
    __Vectors                                0x08000000   Data           4  startup_stm32f10x_md.o(RESET)
    __Vectors_End                            0x080000ec   Data           0  startup_stm32f10x_md.o(RESET)
    __main                                   0x080000ed   Thumb Code     8  __main.o(!!!main)
    __scatterload                            0x080000f5   Thumb Code     0  __scatter.o(!!!scatter)
    __scatterload_rt2                        0x080000f5   Thumb Code    44  __scatter.o(!!!scatter)
    __scatterload_rt2_thumb_only             0x080000f5   Thumb Code     0  __scatter.o(!!!scatter)
    __scatterload_null                       0x08000103   Thumb Code     0  __scatter.o(!!!scatter)
    __decompress                             0x08000129   Thumb Code    90  __dczerorl2.o(!!dczerorl2)
    __decompress1                            0x08000129   Thumb Code     0  __dczerorl2.o(!!dczerorl2)
    __scatterload_zeroinit                   0x08000185   Thumb Code    28  __scatter_zi.o(!!handler_zi)
    _printf_d                                0x080001a1   Thumb Code     0  _printf_d.o(.ARM.Collect$$_printf_percent$$00000009)
    _printf_percent                          0x080001a1   Thumb Code     0  _printf_percent.o(.ARM.Collect$$_printf_percent$$00000000)
    _printf_percent_end                      0x080001a7   Thumb Code     0  _printf_percent_end.o(.ARM.Collect$$_printf_percent$$00000017)
    __rt_lib_init                            0x080001ab   Thumb Code     0  libinit.o(.ARM.Collect$$libinit$$00000000)
    __rt_lib_init_fp_1                       0x080001ad   Thumb Code     0  libinit2.o(.ARM.Collect$$libinit$$00000002)
    __rt_lib_init_heap_1                     0x080001ad   Thumb Code     0  libinit2.o(.ARM.Collect$$libinit$$0000000A)
    __rt_lib_init_lc_common                  0x080001ad   Thumb Code     0  libinit2.o(.ARM.Collect$$libinit$$0000000F)
    __rt_lib_init_preinit_1                  0x080001ad   Thumb Code     0  libinit2.o(.ARM.Collect$$libinit$$00000004)
    __rt_lib_init_rand_1                     0x080001ad   Thumb Code     0  libinit2.o(.ARM.Collect$$libinit$$0000000E)
    __rt_lib_init_user_alloc_1               0x080001ad   Thumb Code     0  libinit2.o(.ARM.Collect$$libinit$$0000000C)
    __rt_lib_init_lc_collate_1               0x080001b3   Thumb Code     0  libinit2.o(.ARM.Collect$$libinit$$00000011)
    __rt_lib_init_lc_ctype_2                 0x080001b3   Thumb Code     0  libinit2.o(.ARM.Collect$$libinit$$00000012)
    __rt_lib_init_alloca_1                   0x080001bf   Thumb Code     0  libinit2.o(.ARM.Collect$$libinit$$0000002E)
    __rt_lib_init_argv_1                     0x080001bf   Thumb Code     0  libinit2.o(.ARM.Collect$$libinit$$0000002C)
    __rt_lib_init_atexit_1                   0x080001bf   Thumb Code     0  libinit2.o(.ARM.Collect$$libinit$$0000001B)
    __rt_lib_init_clock_1                    0x080001bf   Thumb Code     0  libinit2.o(.ARM.Collect$$libinit$$00000021)
    __rt_lib_init_cpp_1                      0x080001bf   Thumb Code     0  libinit2.o(.ARM.Collect$$libinit$$00000032)
    __rt_lib_init_exceptions_1               0x080001bf   Thumb Code     0  libinit2.o(.ARM.Collect$$libinit$$00000030)
    __rt_lib_init_fp_trap_1                  0x080001bf   Thumb Code     0  libinit2.o(.ARM.Collect$$libinit$$0000001F)
    __rt_lib_init_getenv_1                   0x080001bf   Thumb Code     0  libinit2.o(.ARM.Collect$$libinit$$00000023)
    __rt_lib_init_lc_ctype_1                 0x080001bf   Thumb Code     0  libinit2.o(.ARM.Collect$$libinit$$00000013)
    __rt_lib_init_lc_monetary_1              0x080001bf   Thumb Code     0  libinit2.o(.ARM.Collect$$libinit$$00000015)
    __rt_lib_init_lc_numeric_1               0x080001bf   Thumb Code     0  libinit2.o(.ARM.Collect$$libinit$$00000017)
    __rt_lib_init_lc_time_1                  0x080001bf   Thumb Code     0  libinit2.o(.ARM.Collect$$libinit$$00000019)
    __rt_lib_init_return                     0x080001bf   Thumb Code     0  libinit2.o(.ARM.Collect$$libinit$$00000033)
    __rt_lib_init_signal_1                   0x080001bf   Thumb Code     0  libinit2.o(.ARM.Collect$$libinit$$0000001D)
    __rt_lib_init_stdio_1                    0x080001bf   Thumb Code     0  libinit2.o(.ARM.Collect$$libinit$$00000025)
    __rt_lib_shutdown                        0x080001c1   Thumb Code     0  libshutdown.o(.ARM.Collect$$libshutdown$$00000000)
    __rt_lib_shutdown_cpp_1                  0x080001c3   Thumb Code     0  libshutdown2.o(.ARM.Collect$$libshutdown$$00000004)
    __rt_lib_shutdown_fini_1                 0x080001c3   Thumb Code     0  libshutdown2.o(.ARM.Collect$$libshutdown$$00000002)
    __rt_lib_shutdown_fp_trap_1              0x080001c3   Thumb Code     0  libshutdown2.o(.ARM.Collect$$libshutdown$$00000009)
    __rt_lib_shutdown_heap_1                 0x080001c3   Thumb Code     0  libshutdown2.o(.ARM.Collect$$libshutdown$$00000011)
    __rt_lib_shutdown_return                 0x080001c3   Thumb Code     0  libshutdown2.o(.ARM.Collect$$libshutdown$$00000012)
    __rt_lib_shutdown_signal_1               0x080001c3   Thumb Code     0  libshutdown2.o(.ARM.Collect$$libshutdown$$0000000C)
    __rt_lib_shutdown_stdio_1                0x080001c3   Thumb Code     0  libshutdown2.o(.ARM.Collect$$libshutdown$$00000006)
    __rt_lib_shutdown_user_alloc_1           0x080001c3   Thumb Code     0  libshutdown2.o(.ARM.Collect$$libshutdown$$0000000E)
    __rt_entry                               0x080001c5   Thumb Code     0  __rtentry.o(.ARM.Collect$$rtentry$$00000000)
    __rt_entry_presh_1                       0x080001c5   Thumb Code     0  __rtentry2.o(.ARM.Collect$$rtentry$$00000002)
    __rt_entry_sh                            0x080001c5   Thumb Code     0  __rtentry4.o(.ARM.Collect$$rtentry$$00000004)
    __rt_entry_li                            0x080001cb   Thumb Code     0  __rtentry2.o(.ARM.Collect$$rtentry$$0000000A)
    __rt_entry_postsh_1                      0x080001cb   Thumb Code     0  __rtentry2.o(.ARM.Collect$$rtentry$$00000009)
    __rt_entry_main                          0x080001cf   Thumb Code     0  __rtentry2.o(.ARM.Collect$$rtentry$$0000000D)
    __rt_entry_postli_1                      0x080001cf   Thumb Code     0  __rtentry2.o(.ARM.Collect$$rtentry$$0000000C)
    __rt_exit                                0x080001d7   Thumb Code     0  rtexit.o(.ARM.Collect$$rtexit$$00000000)
    __rt_exit_ls                             0x080001d9   Thumb Code     0  rtexit2.o(.ARM.Collect$$rtexit$$00000003)
    __rt_exit_prels_1                        0x080001d9   Thumb Code     0  rtexit2.o(.ARM.Collect$$rtexit$$00000002)
    __rt_exit_exit                           0x080001dd   Thumb Code     0  rtexit2.o(.ARM.Collect$$rtexit$$00000004)
    Reset_Handler                            0x080001e5   Thumb Code     8  startup_stm32f10x_md.o(.text)
    ADC1_2_IRQHandler                        0x080001ff   Thumb Code     0  startup_stm32f10x_md.o(.text)
    CAN1_RX1_IRQHandler                      0x080001ff   Thumb Code     0  startup_stm32f10x_md.o(.text)
    CAN1_SCE_IRQHandler                      0x080001ff   Thumb Code     0  startup_stm32f10x_md.o(.text)
    DMA1_Channel1_IRQHandler                 0x080001ff   Thumb Code     0  startup_stm32f10x_md.o(.text)
    DMA1_Channel2_IRQHandler                 0x080001ff   Thumb Code     0  startup_stm32f10x_md.o(.text)
    DMA1_Channel3_IRQHandler                 0x080001ff   Thumb Code     0  startup_stm32f10x_md.o(.text)
    DMA1_Channel4_IRQHandler                 0x080001ff   Thumb Code     0  startup_stm32f10x_md.o(.text)
    DMA1_Channel5_IRQHandler                 0x080001ff   Thumb Code     0  startup_stm32f10x_md.o(.text)
    DMA1_Channel6_IRQHandler                 0x080001ff   Thumb Code     0  startup_stm32f10x_md.o(.text)
    DMA1_Channel7_IRQHandler                 0x080001ff   Thumb Code     0  startup_stm32f10x_md.o(.text)
    EXTI0_IRQHandler                         0x080001ff   Thumb Code     0  startup_stm32f10x_md.o(.text)
    EXTI15_10_IRQHandler                     0x080001ff   Thumb Code     0  startup_stm32f10x_md.o(.text)
    EXTI1_IRQHandler                         0x080001ff   Thumb Code     0  startup_stm32f10x_md.o(.text)
    EXTI2_IRQHandler                         0x080001ff   Thumb Code     0  startup_stm32f10x_md.o(.text)
    EXTI3_IRQHandler                         0x080001ff   Thumb Code     0  startup_stm32f10x_md.o(.text)
    EXTI4_IRQHandler                         0x080001ff   Thumb Code     0  startup_stm32f10x_md.o(.text)
    EXTI9_5_IRQHandler                       0x080001ff   Thumb Code     0  startup_stm32f10x_md.o(.text)
    FLASH_IRQHandler                         0x080001ff   Thumb Code     0  startup_stm32f10x_md.o(.text)
    I2C1_ER_IRQHandler                       0x080001ff   Thumb Code     0  startup_stm32f10x_md.o(.text)
    I2C1_EV_IRQHandler                       0x080001ff   Thumb Code     0  startup_stm32f10x_md.o(.text)
    I2C2_ER_IRQHandler                       0x080001ff   Thumb Code     0  startup_stm32f10x_md.o(.text)
    I2C2_EV_IRQHandler                       0x080001ff   Thumb Code     0  startup_stm32f10x_md.o(.text)
    PVD_IRQHandler                           0x080001ff   Thumb Code     0  startup_stm32f10x_md.o(.text)
    RCC_IRQHandler                           0x080001ff   Thumb Code     0  startup_stm32f10x_md.o(.text)
    RTCAlarm_IRQHandler                      0x080001ff   Thumb Code     0  startup_stm32f10x_md.o(.text)
    RTC_IRQHandler                           0x080001ff   Thumb Code     0  startup_stm32f10x_md.o(.text)
    SPI1_IRQHandler                          0x080001ff   Thumb Code     0  startup_stm32f10x_md.o(.text)
    SPI2_IRQHandler                          0x080001ff   Thumb Code     0  startup_stm32f10x_md.o(.text)
    TAMPER_IRQHandler                        0x080001ff   Thumb Code     0  startup_stm32f10x_md.o(.text)
    TIM1_BRK_IRQHandler                      0x080001ff   Thumb Code     0  startup_stm32f10x_md.o(.text)
    TIM1_CC_IRQHandler                       0x080001ff   Thumb Code     0  startup_stm32f10x_md.o(.text)
    TIM1_TRG_COM_IRQHandler                  0x080001ff   Thumb Code     0  startup_stm32f10x_md.o(.text)
    TIM1_UP_IRQHandler                       0x080001ff   Thumb Code     0  startup_stm32f10x_md.o(.text)
    TIM2_IRQHandler                          0x080001ff   Thumb Code     0  startup_stm32f10x_md.o(.text)
    TIM4_IRQHandler                          0x080001ff   Thumb Code     0  startup_stm32f10x_md.o(.text)
    USART2_IRQHandler                        0x080001ff   Thumb Code     0  startup_stm32f10x_md.o(.text)
    USART3_IRQHandler                        0x080001ff   Thumb Code     0  startup_stm32f10x_md.o(.text)
    USBWakeUp_IRQHandler                     0x080001ff   Thumb Code     0  startup_stm32f10x_md.o(.text)
    USB_HP_CAN1_TX_IRQHandler                0x080001ff   Thumb Code     0  startup_stm32f10x_md.o(.text)
    USB_LP_CAN1_RX0_IRQHandler               0x080001ff   Thumb Code     0  startup_stm32f10x_md.o(.text)
    WWDG_IRQHandler                          0x080001ff   Thumb Code     0  startup_stm32f10x_md.o(.text)
    __user_initial_stackheap                 0x08000201   Thumb Code     0  startup_stm32f10x_md.o(.text)
    __use_no_semihosting                     0x08000225   Thumb Code     2  use_no_semi_2.o(.text)
    __2sprintf                               0x08000229   Thumb Code    34  noretval__2sprintf.o(.text)
    __printf                                 0x08000251   Thumb Code   104  __printf.o(.text)
    _printf_int_dec                          0x080002b9   Thumb Code   104  _printf_dec.o(.text)
    atoi                                     0x08000331   Thumb Code    26  atoi.o(.text)
    strstr                                   0x0800034b   Thumb Code    36  strstr.o(.text)
    __aeabi_memcpy4                          0x0800036f   Thumb Code     0  rt_memcpy_w.o(.text)
    __aeabi_memcpy8                          0x0800036f   Thumb Code     0  rt_memcpy_w.o(.text)
    __rt_memcpy_w                            0x0800036f   Thumb Code   100  rt_memcpy_w.o(.text)
    _memcpy_lastbytes_aligned                0x080003b7   Thumb Code     0  rt_memcpy_w.o(.text)
    __aeabi_memclr4                          0x080003d3   Thumb Code     0  rt_memclr_w.o(.text)
    __aeabi_memclr8                          0x080003d3   Thumb Code     0  rt_memclr_w.o(.text)
    __rt_memclr_w                            0x080003d3   Thumb Code    78  rt_memclr_w.o(.text)
    _memset_w                                0x080003d7   Thumb Code     0  rt_memclr_w.o(.text)
    __use_two_region_memory                  0x08000421   Thumb Code     2  heapauxi.o(.text)
    __rt_heap_escrow$2region                 0x08000423   Thumb Code     2  heapauxi.o(.text)
    __rt_heap_expand$2region                 0x08000425   Thumb Code     2  heapauxi.o(.text)
    __I$use$semihosting                      0x08000427   Thumb Code     0  use_no_semi.o(.text)
    __use_no_semihosting_swi                 0x08000427   Thumb Code     2  use_no_semi.o(.text)
    __aeabi_errno_addr                       0x08000429   Thumb Code     8  rt_errno_addr_intlibspace.o(.text)
    __errno$intlibspace                      0x08000429   Thumb Code     0  rt_errno_addr_intlibspace.o(.text)
    __rt_errno_addr$intlibspace              0x08000429   Thumb Code     0  rt_errno_addr_intlibspace.o(.text)
    _printf_int_common                       0x08000431   Thumb Code   178  _printf_intcommon.o(.text)
    _printf_char_common                      0x080004ef   Thumb Code    32  _printf_char_common.o(.text)
    _sputc                                   0x08000515   Thumb Code    10  _sputc.o(.text)
    strtol                                   0x0800051f   Thumb Code   112  strtol.o(.text)
    __user_libspace                          0x08000591   Thumb Code     8  libspace.o(.text)
    __user_perproc_libspace                  0x08000591   Thumb Code     0  libspace.o(.text)
    __user_perthread_libspace                0x08000591   Thumb Code     0  libspace.o(.text)
    __rt_ctype_table                         0x08000599   Thumb Code    16  rt_ctype_table.o(.text)
    _strtoul                                 0x080005a9   Thumb Code   158  _strtoul.o(.text)
    __user_setup_stackheap                   0x08000647   Thumb Code    74  sys_stackheap_outer.o(.text)
    __rt_locale                              0x08000691   Thumb Code     8  rt_locale_intlibspace.o(.text)
    _chval                                   0x08000699   Thumb Code    28  _chval.o(.text)
    exit                                     0x080006b5   Thumb Code    18  exit.o(.text)
    strcmp                                   0x080006c9   Thumb Code   128  strcmpv7m.o(.text)
    ADC_Cmd                                  0x08000749   Thumb Code    22  stm32f10x_adc.o(i.ADC_Cmd)
    ADC_DeInit                               0x08000761   Thumb Code    78  stm32f10x_adc.o(i.ADC_DeInit)
    ADC_GetCalibrationStatus                 0x080007bd   Thumb Code    20  stm32f10x_adc.o(i.ADC_GetCalibrationStatus)
    ADC_GetConversionValue                   0x080007d1   Thumb Code     8  stm32f10x_adc.o(i.ADC_GetConversionValue)
    ADC_GetFlagStatus                        0x080007d9   Thumb Code    18  stm32f10x_adc.o(i.ADC_GetFlagStatus)
    ADC_GetResetCalibrationStatus            0x080007eb   Thumb Code    20  stm32f10x_adc.o(i.ADC_GetResetCalibrationStatus)
    ADC_Init                                 0x08000801   Thumb Code    70  stm32f10x_adc.o(i.ADC_Init)
    ADC_RegularChannelConfig                 0x08000851   Thumb Code   184  stm32f10x_adc.o(i.ADC_RegularChannelConfig)
    ADC_ResetCalibration                     0x08000909   Thumb Code    10  stm32f10x_adc.o(i.ADC_ResetCalibration)
    ADC_SoftwareStartConvCmd                 0x08000913   Thumb Code    22  stm32f10x_adc.o(i.ADC_SoftwareStartConvCmd)
    ADC_StartCalibration                     0x08000929   Thumb Code    10  stm32f10x_adc.o(i.ADC_StartCalibration)
    Adc_Init                                 0x08000935   Thumb Code   132  adc.o(i.Adc_Init)
    BusFault_Handler                         0x080009c1   Thumb Code     4  stm32f10x_it.o(i.BusFault_Handler)
    DHT11_IO_IN                              0x080009c5   Thumb Code    26  dht11.o(i.DHT11_IO_IN)
    DHT11_IO_OUT                             0x080009e5   Thumb Code    32  dht11.o(i.DHT11_IO_OUT)
    DHT11_Init                               0x08000a09   Thumb Code   142  dht11.o(i.DHT11_Init)
    DHT11_ReadByte                           0x08000a9d   Thumb Code   128  dht11.o(i.DHT11_ReadByte)
    DHT11_Read_Data                          0x08000b21   Thumb Code    84  dht11.o(i.DHT11_Read_Data)
    DebugMon_Handler                         0x08000b75   Thumb Code     2  stm32f10x_it.o(i.DebugMon_Handler)
    GPIO_Init                                0x08000b77   Thumb Code   278  stm32f10x_gpio.o(i.GPIO_Init)
    GPIO_PinRemapConfig                      0x08000c8d   Thumb Code   138  stm32f10x_gpio.o(i.GPIO_PinRemapConfig)
    GPIO_ReadInputDataBit                    0x08000d1d   Thumb Code    18  stm32f10x_gpio.o(i.GPIO_ReadInputDataBit)
    GPIO_ResetBits                           0x08000d2f   Thumb Code     4  stm32f10x_gpio.o(i.GPIO_ResetBits)
    GPIO_SetBits                             0x08000d33   Thumb Code     4  stm32f10x_gpio.o(i.GPIO_SetBits)
    Get_Adc                                  0x08000d39   Thumb Code    46  adc.o(i.Get_Adc)
    Get_Adc_Average                          0x08000d6d   Thumb Code    46  adc.o(i.Get_Adc_Average)
    HardFault_Handler                        0x08000d9b   Thumb Code     4  stm32f10x_it.o(i.HardFault_Handler)
    I2C_Configuration                        0x08000d9f   Thumb Code     8  oled_i2c.o(i.I2C_Configuration)
    I2C_WriteByte                            0x08000da7   Thumb Code    46  oled_i2c.o(i.I2C_WriteByte)
    InitDisplay                              0x08000dd5   Thumb Code   184  main.o(i.InitDisplay)
    KEY_GPIO_Init                            0x08000e8d   Thumb Code   110  gpio.o(i.KEY_GPIO_Init)
    Kalman_filter_init                       0x08000f09   Thumb Code    92  main.o(i.Kalman_filter_init)
    LED_pwm_Init                             0x08000f75   Thumb Code   122  pwm.o(i.LED_pwm_Init)
    LED_pwm_close                            0x08000ff9   Thumb Code    12  pwm.o(i.LED_pwm_close)
    LED_pwm_set                              0x08001009   Thumb Code    24  pwm.o(i.LED_pwm_set)
    MOTOR_GPIO_Init                          0x08001025   Thumb Code    50  gpio.o(i.MOTOR_GPIO_Init)
    MemManage_Handler                        0x0800105d   Thumb Code     4  stm32f10x_it.o(i.MemManage_Handler)
    NMI_Handler                              0x08001061   Thumb Code     2  stm32f10x_it.o(i.NMI_Handler)
    NVIC_Configuration                       0x08001063   Thumb Code    12  sys.o(i.NVIC_Configuration)
    NVIC_Init                                0x08001071   Thumb Code   100  misc.o(i.NVIC_Init)
    NVIC_PriorityGroupConfig                 0x080010e1   Thumb Code    10  misc.o(i.NVIC_PriorityGroupConfig)
    OLED_CLS                                 0x080010f5   Thumb Code    10  oled_i2c.o(i.OLED_CLS)
    OLED_Fill                                0x080010ff   Thumb Code    58  oled_i2c.o(i.OLED_Fill)
    OLED_Init                                0x08001139   Thumb Code   178  oled_i2c.o(i.OLED_Init)
    OLED_SetPos                              0x080011eb   Thumb Code    40  oled_i2c.o(i.OLED_SetPos)
    OLED_ShowCN                              0x08001215   Thumb Code   120  oled_i2c.o(i.OLED_ShowCN)
    OLED_ShowCentigrade                      0x08001291   Thumb Code    86  oled_i2c.o(i.OLED_ShowCentigrade)
    OLED_ShowChar                            0x08001301   Thumb Code   240  oled_i2c.o(i.OLED_ShowChar)
    OLED_ShowStr                             0x080013f9   Thumb Code   312  oled_i2c.o(i.OLED_ShowStr)
    PIDController_Init                       0x08001539   Thumb Code    14  pid.o(i.PIDController_Init)
    PIDController_Update                     0x08001547   Thumb Code   262  pid.o(i.PIDController_Update)
    PendSV_Handler                           0x0800164d   Thumb Code     2  stm32f10x_it.o(i.PendSV_Handler)
    RCC_ADCCLKConfig                         0x08001651   Thumb Code    18  stm32f10x_rcc.o(i.RCC_ADCCLKConfig)
    RCC_APB1PeriphClockCmd                   0x08001669   Thumb Code    26  stm32f10x_rcc.o(i.RCC_APB1PeriphClockCmd)
    RCC_APB2PeriphClockCmd                   0x08001689   Thumb Code    26  stm32f10x_rcc.o(i.RCC_APB2PeriphClockCmd)
    RCC_APB2PeriphResetCmd                   0x080016a9   Thumb Code    26  stm32f10x_rcc.o(i.RCC_APB2PeriphResetCmd)
    SVC_Handler                              0x080016c9   Thumb Code     2  stm32f10x_it.o(i.SVC_Handler)
    SysTick_CLKSourceConfig                  0x080017b5   Thumb Code    40  misc.o(i.SysTick_CLKSourceConfig)
    SysTick_Handler                          0x080017dd   Thumb Code     2  stm32f10x_it.o(i.SysTick_Handler)
    SystemInit                               0x080017e1   Thumb Code    78  system_stm32f10x.o(i.SystemInit)
    TIM3_IRQHandler                          0x08001841   Thumb Code    98  main.o(i.TIM3_IRQHandler)
    TIM3_Init                                0x080018bd   Thumb Code    86  timer.o(i.TIM3_Init)
    TIM_ClearITPendingBit                    0x08001919   Thumb Code     6  stm32f10x_tim.o(i.TIM_ClearITPendingBit)
    TIM_Cmd                                  0x0800191f   Thumb Code    24  stm32f10x_tim.o(i.TIM_Cmd)
    TIM_GetITStatus                          0x08001937   Thumb Code    34  stm32f10x_tim.o(i.TIM_GetITStatus)
    TIM_ITConfig                             0x08001959   Thumb Code    18  stm32f10x_tim.o(i.TIM_ITConfig)
    TIM_OC2Init                              0x0800196d   Thumb Code   154  stm32f10x_tim.o(i.TIM_OC2Init)
    TIM_OC2PreloadConfig                     0x08001a11   Thumb Code    26  stm32f10x_tim.o(i.TIM_OC2PreloadConfig)
    TIM_SetCompare2                          0x08001a2b   Thumb Code     4  stm32f10x_tim.o(i.TIM_SetCompare2)
    TIM_TimeBaseInit                         0x08001a31   Thumb Code   122  stm32f10x_tim.o(i.TIM_TimeBaseInit)
    USART1_IRQHandler                        0x08001ad5   Thumb Code    50  usart1.o(i.USART1_IRQHandler)
    USART_ClearITPendingBit                  0x08001b15   Thumb Code    30  stm32f10x_usart.o(i.USART_ClearITPendingBit)
    USART_GetITStatus                        0x08001b33   Thumb Code    84  stm32f10x_usart.o(i.USART_GetITStatus)
    USART_ReceiveData                        0x08001b87   Thumb Code    10  stm32f10x_usart.o(i.USART_ReceiveData)
    UsageFault_Handler                       0x08001b91   Thumb Code     4  stm32f10x_it.o(i.UsageFault_Handler)
    UsartSendReceiveData                     0x08001b95   Thumb Code   350  main.o(i.UsartSendReceiveData)
    WriteCmd                                 0x08001d69   Thumb Code    14  oled_i2c.o(i.WriteCmd)
    WriteDat                                 0x08001d77   Thumb Code    14  oled_i2c.o(i.WriteDat)
    _sys_exit                                0x08001d85   Thumb Code     4  usart1.o(i._sys_exit)
    bsp_InitI2C_2                            0x08001d89   Thumb Code    60  oled_i2c.o(i.bsp_InitI2C_2)
    delay_init                               0x08001dc9   Thumb Code    50  delay.o(i.delay_init)
    delay_ms                                 0x08001e0d   Thumb Code    72  delay.o(i.delay_ms)
    delay_us                                 0x08001e59   Thumb Code    72  delay.o(i.delay_us)
    displayDHT11TempAndHumi                  0x08001ea5   Thumb Code   216  main.o(i.displayDHT11TempAndHumi)
    displayLight                             0x08001f8d   Thumb Code   240  main.o(i.displayLight)
    displaySetValue                          0x08002095   Thumb Code   260  main.o(i.displaySetValue)
    displaySoilMoisture                      0x080021a9   Thumb Code   222  main.o(i.displaySoilMoisture)
    i2c_SendByte_2                           0x0800229d   Thumb Code    80  oled_i2c.o(i.i2c_SendByte_2)
    i2c_Start_2                              0x080022f1   Thumb Code    44  oled_i2c.o(i.i2c_Start_2)
    i2c_Stop_2                               0x08002321   Thumb Code    36  oled_i2c.o(i.i2c_Stop_2)
    i2c_WaitAck_2                            0x08002349   Thumb Code    72  oled_i2c.o(i.i2c_WaitAck_2)
    kalman_filter                            0x08002395   Thumb Code   156  kalman_filter.o(i.kalman_filter)
    kalman_init                              0x08002431   Thumb Code    22  kalman_filter.o(i.kalman_init)
    keyscan                                  0x08002451   Thumb Code   484  main.o(i.keyscan)
    main                                     0x0800264d   Thumb Code   334  main.o(i.main)
    _get_lc_ctype                            0x080027f5   Thumb Code    44  lc_ctype_c.o(locale$$code)
    __aeabi_d2f                              0x08002821   Thumb Code     0  d2f.o(x$fpl$d2f)
    _d2f                                     0x08002821   Thumb Code    98  d2f.o(x$fpl$d2f)
    __aeabi_ui2d                             0x08002883   Thumb Code     0  dflt_clz.o(x$fpl$dfltu)
    _dfltu                                   0x08002883   Thumb Code    38  dflt_clz.o(x$fpl$dfltu)
    __aeabi_dmul                             0x080028a9   Thumb Code     0  dmul.o(x$fpl$dmul)
    _dmul                                    0x080028a9   Thumb Code   332  dmul.o(x$fpl$dmul)
    __fpl_dnaninf                            0x080029fd   Thumb Code   156  dnaninf.o(x$fpl$dnaninf)
    __fpl_dretinf                            0x08002a99   Thumb Code    12  dretinf.o(x$fpl$dretinf)
    __aeabi_fadd                             0x08002aa5   Thumb Code     0  faddsub_clz.o(x$fpl$fadd)
    _fadd                                    0x08002aa5   Thumb Code   196  faddsub_clz.o(x$fpl$fadd)
    __fpl_fcmp_Inf                           0x08002b69   Thumb Code    24  fcmpi.o(x$fpl$fcmpinf)
    __aeabi_fdiv                             0x08002b81   Thumb Code     0  fdiv.o(x$fpl$fdiv)
    _fdiv                                    0x08002b81   Thumb Code   384  fdiv.o(x$fpl$fdiv)
    __aeabi_f2uiz                            0x08002d05   Thumb Code     0  ffixu.o(x$fpl$ffixu)
    _ffixu                                   0x08002d05   Thumb Code    62  ffixu.o(x$fpl$ffixu)
    __aeabi_ui2f                             0x08002d45   Thumb Code     0  fflt_clz.o(x$fpl$ffltu)
    _ffltu                                   0x08002d45   Thumb Code    38  fflt_clz.o(x$fpl$ffltu)
    __aeabi_cfcmple                          0x08002d6d   Thumb Code     0  fleqf.o(x$fpl$fleqf)
    _fcmple                                  0x08002d6d   Thumb Code   104  fleqf.o(x$fpl$fleqf)
    __fpl_fcmple_InfNaN                      0x08002dbf   Thumb Code     0  fleqf.o(x$fpl$fleqf)
    __aeabi_fmul                             0x08002dd5   Thumb Code     0  fmul.o(x$fpl$fmul)
    _fmul                                    0x08002dd5   Thumb Code   258  fmul.o(x$fpl$fmul)
    __fpl_fnaninf                            0x08002ed7   Thumb Code   140  fnaninf.o(x$fpl$fnaninf)
    __fpl_fretinf                            0x08002f63   Thumb Code    10  fretinf.o(x$fpl$fretinf)
    __aeabi_cfrcmple                         0x08002f6d   Thumb Code     0  frleqf.o(x$fpl$frleqf)
    _frcmple                                 0x08002f6d   Thumb Code    98  frleqf.o(x$fpl$frleqf)
    __aeabi_frsub                            0x08002fcf   Thumb Code     0  faddsub_clz.o(x$fpl$frsb)
    _frsb                                    0x08002fcf   Thumb Code    20  faddsub_clz.o(x$fpl$frsb)
    __aeabi_fsub                             0x08002fe5   Thumb Code     0  faddsub_clz.o(x$fpl$fsub)
    _fsub                                    0x08002fe5   Thumb Code   234  faddsub_clz.o(x$fpl$fsub)
    F6x8                                     0x080030ce   Data         552  oled_i2c.o(.constdata)
    __I$use$fp                               0x080030ce   Number         0  usenofp.o(x$fpl$usenofp)
    F8X16                                    0x080032f6   Data        1520  oled_i2c.o(.constdata)
    Region$$Table$$Base                      0x080038e8   Number         0  anon$$obj.o(Region$$Table)
    Region$$Table$$Limit                     0x08003908   Number         0  anon$$obj.o(Region$$Table)
    __ctype                                  0x08003915   Data           0  lc_ctype_c.o(locale$$data)
    F16x16                                   0x20000000   Data         576  oled_i2c.o(.data)
    setn                                     0x20000240   Data           1  main.o(.data)
    temperature                              0x20000241   Data           1  main.o(.data)
    humidity                                 0x20000242   Data           1  main.o(.data)
    setTempValue                             0x20000243   Data           1  main.o(.data)
    light                                    0x20000244   Data           4  main.o(.data)
    setSoilMoisture                          0x20000248   Data           4  main.o(.data)
    soilMoisture                             0x2000024c   Data           4  main.o(.data)
    setLightValue                            0x20000250   Data           1  main.o(.data)
    LED_PID                                  0x20000254   Data          56  main.o(.data)
    shuaxin                                  0x2000028c   Data           1  main.o(.data)
    shanshuo                                 0x2000028d   Data           1  main.o(.data)
    sendFlag                                 0x2000028e   Data           1  main.o(.data)
    SystemCoreClock                          0x20000294   Data           4  system_stm32f10x.o(.data)
    AHBPrescTable                            0x20000298   Data          16  system_stm32f10x.o(.data)
    RxCounter                                0x200002ac   Data           4  usart1.o(.data)
    __stdout                                 0x200002b0   Data           4  usart1.o(.data)
    display                                  0x200002b4   Data          16  main.o(.bss)
    light_kalman                             0x200002c4   Data          28  main.o(.bss)
    soilMoisture_kalman                      0x200002e0   Data          28  main.o(.bss)
    Usart1RecBuf                             0x200002fc   Data          90  usart1.o(.bss)
    __libspace_start                         0x20000358   Data          96  libspace.o(.bss)
    __temporary_stack_top$libspace           0x200003b8   Data           0  libspace.o(.bss)



==============================================================================

Memory Map of the image

  Image Entry point : 0x080000ed

  Load Region LR_IROM1 (Base: 0x08000000, Size: 0x00003ccc, Max: 0x00010000, ABSOLUTE, COMPRESSED[0x00003b90])

    Execution Region ER_IROM1 (Exec base: 0x08000000, Load base: 0x08000000, Size: 0x00003a18, Max: 0x00010000, ABSOLUTE)

    Exec Addr    Load Addr    Size         Type   Attr      Idx    E Section Name        Object

    0x08000000   0x08000000   0x000000ec   Data   RO           19    RESET               startup_stm32f10x_md.o
    0x080000ec   0x080000ec   0x00000008   Code   RO         2631  * !!!main             c_w.l(__main.o)
    0x080000f4   0x080000f4   0x00000034   Code   RO         2869    !!!scatter          c_w.l(__scatter.o)
    0x08000128   0x08000128   0x0000005a   Code   RO         2867    !!dczerorl2         c_w.l(__dczerorl2.o)
    0x08000182   0x08000182   0x00000002   PAD
    0x08000184   0x08000184   0x0000001c   Code   RO         2871    !!handler_zi        c_w.l(__scatter_zi.o)
    0x080001a0   0x080001a0   0x00000000   Code   RO         2614    .ARM.Collect$$_printf_percent$$00000000  c_w.l(_printf_percent.o)
    0x080001a0   0x080001a0   0x00000006   Code   RO         2613    .ARM.Collect$$_printf_percent$$00000009  c_w.l(_printf_d.o)
    0x080001a6   0x080001a6   0x00000004   Code   RO         2683    .ARM.Collect$$_printf_percent$$00000017  c_w.l(_printf_percent_end.o)
    0x080001aa   0x080001aa   0x00000002   Code   RO         2740    .ARM.Collect$$libinit$$00000000  c_w.l(libinit.o)
    0x080001ac   0x080001ac   0x00000000   Code   RO         2746    .ARM.Collect$$libinit$$00000002  c_w.l(libinit2.o)
    0x080001ac   0x080001ac   0x00000000   Code   RO         2748    .ARM.Collect$$libinit$$00000004  c_w.l(libinit2.o)
    0x080001ac   0x080001ac   0x00000000   Code   RO         2751    .ARM.Collect$$libinit$$0000000A  c_w.l(libinit2.o)
    0x080001ac   0x080001ac   0x00000000   Code   RO         2753    .ARM.Collect$$libinit$$0000000C  c_w.l(libinit2.o)
    0x080001ac   0x080001ac   0x00000000   Code   RO         2755    .ARM.Collect$$libinit$$0000000E  c_w.l(libinit2.o)
    0x080001ac   0x080001ac   0x00000006   Code   RO         2756    .ARM.Collect$$libinit$$0000000F  c_w.l(libinit2.o)
    0x080001b2   0x080001b2   0x00000000   Code   RO         2758    .ARM.Collect$$libinit$$00000011  c_w.l(libinit2.o)
    0x080001b2   0x080001b2   0x0000000c   Code   RO         2759    .ARM.Collect$$libinit$$00000012  c_w.l(libinit2.o)
    0x080001be   0x080001be   0x00000000   Code   RO         2760    .ARM.Collect$$libinit$$00000013  c_w.l(libinit2.o)
    0x080001be   0x080001be   0x00000000   Code   RO         2762    .ARM.Collect$$libinit$$00000015  c_w.l(libinit2.o)
    0x080001be   0x080001be   0x00000000   Code   RO         2764    .ARM.Collect$$libinit$$00000017  c_w.l(libinit2.o)
    0x080001be   0x080001be   0x00000000   Code   RO         2766    .ARM.Collect$$libinit$$00000019  c_w.l(libinit2.o)
    0x080001be   0x080001be   0x00000000   Code   RO         2768    .ARM.Collect$$libinit$$0000001B  c_w.l(libinit2.o)
    0x080001be   0x080001be   0x00000000   Code   RO         2770    .ARM.Collect$$libinit$$0000001D  c_w.l(libinit2.o)
    0x080001be   0x080001be   0x00000000   Code   RO         2772    .ARM.Collect$$libinit$$0000001F  c_w.l(libinit2.o)
    0x080001be   0x080001be   0x00000000   Code   RO         2774    .ARM.Collect$$libinit$$00000021  c_w.l(libinit2.o)
    0x080001be   0x080001be   0x00000000   Code   RO         2776    .ARM.Collect$$libinit$$00000023  c_w.l(libinit2.o)
    0x080001be   0x080001be   0x00000000   Code   RO         2778    .ARM.Collect$$libinit$$00000025  c_w.l(libinit2.o)
    0x080001be   0x080001be   0x00000000   Code   RO         2782    .ARM.Collect$$libinit$$0000002C  c_w.l(libinit2.o)
    0x080001be   0x080001be   0x00000000   Code   RO         2784    .ARM.Collect$$libinit$$0000002E  c_w.l(libinit2.o)
    0x080001be   0x080001be   0x00000000   Code   RO         2786    .ARM.Collect$$libinit$$00000030  c_w.l(libinit2.o)
    0x080001be   0x080001be   0x00000000   Code   RO         2788    .ARM.Collect$$libinit$$00000032  c_w.l(libinit2.o)
    0x080001be   0x080001be   0x00000002   Code   RO         2789    .ARM.Collect$$libinit$$00000033  c_w.l(libinit2.o)
    0x080001c0   0x080001c0   0x00000002   Code   RO         2807    .ARM.Collect$$libshutdown$$00000000  c_w.l(libshutdown.o)
    0x080001c2   0x080001c2   0x00000000   Code   RO         2817    .ARM.Collect$$libshutdown$$00000002  c_w.l(libshutdown2.o)
    0x080001c2   0x080001c2   0x00000000   Code   RO         2819    .ARM.Collect$$libshutdown$$00000004  c_w.l(libshutdown2.o)
    0x080001c2   0x080001c2   0x00000000   Code   RO         2821    .ARM.Collect$$libshutdown$$00000006  c_w.l(libshutdown2.o)
    0x080001c2   0x080001c2   0x00000000   Code   RO         2824    .ARM.Collect$$libshutdown$$00000009  c_w.l(libshutdown2.o)
    0x080001c2   0x080001c2   0x00000000   Code   RO         2827    .ARM.Collect$$libshutdown$$0000000C  c_w.l(libshutdown2.o)
    0x080001c2   0x080001c2   0x00000000   Code   RO         2829    .ARM.Collect$$libshutdown$$0000000E  c_w.l(libshutdown2.o)
    0x080001c2   0x080001c2   0x00000000   Code   RO         2832    .ARM.Collect$$libshutdown$$00000011  c_w.l(libshutdown2.o)
    0x080001c2   0x080001c2   0x00000002   Code   RO         2833    .ARM.Collect$$libshutdown$$00000012  c_w.l(libshutdown2.o)
    0x080001c4   0x080001c4   0x00000000   Code   RO         2671    .ARM.Collect$$rtentry$$00000000  c_w.l(__rtentry.o)
    0x080001c4   0x080001c4   0x00000000   Code   RO         2701    .ARM.Collect$$rtentry$$00000002  c_w.l(__rtentry2.o)
    0x080001c4   0x080001c4   0x00000006   Code   RO         2713    .ARM.Collect$$rtentry$$00000004  c_w.l(__rtentry4.o)
    0x080001ca   0x080001ca   0x00000000   Code   RO         2703    .ARM.Collect$$rtentry$$00000009  c_w.l(__rtentry2.o)
    0x080001ca   0x080001ca   0x00000004   Code   RO         2704    .ARM.Collect$$rtentry$$0000000A  c_w.l(__rtentry2.o)
    0x080001ce   0x080001ce   0x00000000   Code   RO         2706    .ARM.Collect$$rtentry$$0000000C  c_w.l(__rtentry2.o)
    0x080001ce   0x080001ce   0x00000008   Code   RO         2707    .ARM.Collect$$rtentry$$0000000D  c_w.l(__rtentry2.o)
    0x080001d6   0x080001d6   0x00000002   Code   RO         2741    .ARM.Collect$$rtexit$$00000000  c_w.l(rtexit.o)
    0x080001d8   0x080001d8   0x00000000   Code   RO         2791    .ARM.Collect$$rtexit$$00000002  c_w.l(rtexit2.o)
    0x080001d8   0x080001d8   0x00000004   Code   RO         2792    .ARM.Collect$$rtexit$$00000003  c_w.l(rtexit2.o)
    0x080001dc   0x080001dc   0x00000006   Code   RO         2793    .ARM.Collect$$rtexit$$00000004  c_w.l(rtexit2.o)
    0x080001e2   0x080001e2   0x00000002   PAD
    0x080001e4   0x080001e4   0x00000040   Code   RO           20    .text               startup_stm32f10x_md.o
    0x08000224   0x08000224   0x00000002   Code   RO         2583    .text               c_w.l(use_no_semi_2.o)
    0x08000226   0x08000226   0x00000002   PAD
    0x08000228   0x08000228   0x00000028   Code   RO         2587    .text               c_w.l(noretval__2sprintf.o)
    0x08000250   0x08000250   0x00000068   Code   RO         2589    .text               c_w.l(__printf.o)
    0x080002b8   0x080002b8   0x00000078   Code   RO         2591    .text               c_w.l(_printf_dec.o)
    0x08000330   0x08000330   0x0000001a   Code   RO         2615    .text               c_w.l(atoi.o)
    0x0800034a   0x0800034a   0x00000024   Code   RO         2619    .text               c_w.l(strstr.o)
    0x0800036e   0x0800036e   0x00000064   Code   RO         2623    .text               c_w.l(rt_memcpy_w.o)
    0x080003d2   0x080003d2   0x0000004e   Code   RO         2627    .text               c_w.l(rt_memclr_w.o)
    0x08000420   0x08000420   0x00000006   Code   RO         2629    .text               c_w.l(heapauxi.o)
    0x08000426   0x08000426   0x00000002   Code   RO         2669    .text               c_w.l(use_no_semi.o)
    0x08000428   0x08000428   0x00000008   Code   RO         2675    .text               c_w.l(rt_errno_addr_intlibspace.o)
    0x08000430   0x08000430   0x000000b2   Code   RO         2677    .text               c_w.l(_printf_intcommon.o)
    0x080004e2   0x080004e2   0x00000002   PAD
    0x080004e4   0x080004e4   0x00000030   Code   RO         2679    .text               c_w.l(_printf_char_common.o)
    0x08000514   0x08000514   0x0000000a   Code   RO         2681    .text               c_w.l(_sputc.o)
    0x0800051e   0x0800051e   0x00000070   Code   RO         2684    .text               c_w.l(strtol.o)
    0x0800058e   0x0800058e   0x00000002   PAD
    0x08000590   0x08000590   0x00000008   Code   RO         2697    .text               c_w.l(libspace.o)
    0x08000598   0x08000598   0x00000010   Code   RO         2715    .text               c_w.l(rt_ctype_table.o)
    0x080005a8   0x080005a8   0x0000009e   Code   RO         2719    .text               c_w.l(_strtoul.o)
    0x08000646   0x08000646   0x0000004a   Code   RO         2721    .text               c_w.l(sys_stackheap_outer.o)
    0x08000690   0x08000690   0x00000008   Code   RO         2726    .text               c_w.l(rt_locale_intlibspace.o)
    0x08000698   0x08000698   0x0000001c   Code   RO         2728    .text               c_w.l(_chval.o)
    0x080006b4   0x080006b4   0x00000012   Code   RO         2733    .text               c_w.l(exit.o)
    0x080006c6   0x080006c6   0x00000002   PAD
    0x080006c8   0x080006c8   0x00000080   Code   RO         2743    .text               c_w.l(strcmpv7m.o)
    0x08000748   0x08000748   0x00000016   Code   RO          110    i.ADC_Cmd           stm32f10x_adc.o
    0x0800075e   0x0800075e   0x00000002   PAD
    0x08000760   0x08000760   0x0000005c   Code   RO          112    i.ADC_DeInit        stm32f10x_adc.o
    0x080007bc   0x080007bc   0x00000014   Code   RO          118    i.ADC_GetCalibrationStatus  stm32f10x_adc.o
    0x080007d0   0x080007d0   0x00000008   Code   RO          119    i.ADC_GetConversionValue  stm32f10x_adc.o
    0x080007d8   0x080007d8   0x00000012   Code   RO          121    i.ADC_GetFlagStatus  stm32f10x_adc.o
    0x080007ea   0x080007ea   0x00000014   Code   RO          124    i.ADC_GetResetCalibrationStatus  stm32f10x_adc.o
    0x080007fe   0x080007fe   0x00000002   PAD
    0x08000800   0x08000800   0x00000050   Code   RO          128    i.ADC_Init          stm32f10x_adc.o
    0x08000850   0x08000850   0x000000b8   Code   RO          132    i.ADC_RegularChannelConfig  stm32f10x_adc.o
    0x08000908   0x08000908   0x0000000a   Code   RO          133    i.ADC_ResetCalibration  stm32f10x_adc.o
    0x08000912   0x08000912   0x00000016   Code   RO          135    i.ADC_SoftwareStartConvCmd  stm32f10x_adc.o
    0x08000928   0x08000928   0x0000000a   Code   RO          137    i.ADC_StartCalibration  stm32f10x_adc.o
    0x08000932   0x08000932   0x00000002   PAD
    0x08000934   0x08000934   0x0000008c   Code   RO         1893    i.Adc_Init          adc.o
    0x080009c0   0x080009c0   0x00000004   Code   RO         2304    i.BusFault_Handler  stm32f10x_it.o
    0x080009c4   0x080009c4   0x00000020   Code   RO         2114    i.DHT11_IO_IN       dht11.o
    0x080009e4   0x080009e4   0x00000024   Code   RO         2115    i.DHT11_IO_OUT      dht11.o
    0x08000a08   0x08000a08   0x00000094   Code   RO         2116    i.DHT11_Init        dht11.o
    0x08000a9c   0x08000a9c   0x00000084   Code   RO         2117    i.DHT11_ReadByte    dht11.o
    0x08000b20   0x08000b20   0x00000054   Code   RO         2118    i.DHT11_Read_Data   dht11.o
    0x08000b74   0x08000b74   0x00000002   Code   RO         2305    i.DebugMon_Handler  stm32f10x_it.o
    0x08000b76   0x08000b76   0x00000116   Code   RO          386    i.GPIO_Init         stm32f10x_gpio.o
    0x08000c8c   0x08000c8c   0x00000090   Code   RO          388    i.GPIO_PinRemapConfig  stm32f10x_gpio.o
    0x08000d1c   0x08000d1c   0x00000012   Code   RO          390    i.GPIO_ReadInputDataBit  stm32f10x_gpio.o
    0x08000d2e   0x08000d2e   0x00000004   Code   RO          393    i.GPIO_ResetBits    stm32f10x_gpio.o
    0x08000d32   0x08000d32   0x00000004   Code   RO          394    i.GPIO_SetBits      stm32f10x_gpio.o
    0x08000d36   0x08000d36   0x00000002   PAD
    0x08000d38   0x08000d38   0x00000034   Code   RO         1894    i.Get_Adc           adc.o
    0x08000d6c   0x08000d6c   0x0000002e   Code   RO         1895    i.Get_Adc_Average   adc.o
    0x08000d9a   0x08000d9a   0x00000004   Code   RO         2306    i.HardFault_Handler  stm32f10x_it.o
    0x08000d9e   0x08000d9e   0x00000008   Code   RO         1947    i.I2C_Configuration  oled_i2c.o
    0x08000da6   0x08000da6   0x0000002e   Code   RO         1948    i.I2C_WriteByte     oled_i2c.o
    0x08000dd4   0x08000dd4   0x000000b8   Code   RO         2212    i.InitDisplay       main.o
    0x08000e8c   0x08000e8c   0x0000007c   Code   RO         1926    i.KEY_GPIO_Init     gpio.o
    0x08000f08   0x08000f08   0x0000006c   Code   RO         2213    i.Kalman_filter_init  main.o
    0x08000f74   0x08000f74   0x00000084   Code   RO         2539    i.LED_pwm_Init      pwm.o
    0x08000ff8   0x08000ff8   0x00000010   Code   RO         2540    i.LED_pwm_close     pwm.o
    0x08001008   0x08001008   0x0000001c   Code   RO         2541    i.LED_pwm_set       pwm.o
    0x08001024   0x08001024   0x00000038   Code   RO         1927    i.MOTOR_GPIO_Init   gpio.o
    0x0800105c   0x0800105c   0x00000004   Code   RO         2307    i.MemManage_Handler  stm32f10x_it.o
    0x08001060   0x08001060   0x00000002   Code   RO         2308    i.NMI_Handler       stm32f10x_it.o
    0x08001062   0x08001062   0x0000000c   Code   RO         2453    i.NVIC_Configuration  sys.o
    0x0800106e   0x0800106e   0x00000002   PAD
    0x08001070   0x08001070   0x00000070   Code   RO           24    i.NVIC_Init         misc.o
    0x080010e0   0x080010e0   0x00000014   Code   RO           25    i.NVIC_PriorityGroupConfig  misc.o
    0x080010f4   0x080010f4   0x0000000a   Code   RO         1949    i.OLED_CLS          oled_i2c.o
    0x080010fe   0x080010fe   0x0000003a   Code   RO         1951    i.OLED_Fill         oled_i2c.o
    0x08001138   0x08001138   0x000000b2   Code   RO         1952    i.OLED_Init         oled_i2c.o
    0x080011ea   0x080011ea   0x00000028   Code   RO         1955    i.OLED_SetPos       oled_i2c.o
    0x08001212   0x08001212   0x00000002   PAD
    0x08001214   0x08001214   0x0000007c   Code   RO         1956    i.OLED_ShowCN       oled_i2c.o
    0x08001290   0x08001290   0x00000070   Code   RO         1957    i.OLED_ShowCentigrade  oled_i2c.o
    0x08001300   0x08001300   0x000000f8   Code   RO         1958    i.OLED_ShowChar     oled_i2c.o
    0x080013f8   0x080013f8   0x00000140   Code   RO         1959    i.OLED_ShowStr      oled_i2c.o
    0x08001538   0x08001538   0x0000000e   Code   RO         2521    i.PIDController_Init  pid.o
    0x08001546   0x08001546   0x00000106   Code   RO         2522    i.PIDController_Update  pid.o
    0x0800164c   0x0800164c   0x00000002   Code   RO         2309    i.PendSV_Handler    stm32f10x_it.o
    0x0800164e   0x0800164e   0x00000002   PAD
    0x08001650   0x08001650   0x00000018   Code   RO          494    i.RCC_ADCCLKConfig  stm32f10x_rcc.o
    0x08001668   0x08001668   0x00000020   Code   RO          496    i.RCC_APB1PeriphClockCmd  stm32f10x_rcc.o
    0x08001688   0x08001688   0x00000020   Code   RO          498    i.RCC_APB2PeriphClockCmd  stm32f10x_rcc.o
    0x080016a8   0x080016a8   0x00000020   Code   RO          499    i.RCC_APB2PeriphResetCmd  stm32f10x_rcc.o
    0x080016c8   0x080016c8   0x00000002   Code   RO         2310    i.SVC_Handler       stm32f10x_it.o
    0x080016ca   0x080016ca   0x00000008   Code   RO         2390    i.SetSysClock       system_stm32f10x.o
    0x080016d2   0x080016d2   0x00000002   PAD
    0x080016d4   0x080016d4   0x000000e0   Code   RO         2391    i.SetSysClockTo72   system_stm32f10x.o
    0x080017b4   0x080017b4   0x00000028   Code   RO           28    i.SysTick_CLKSourceConfig  misc.o
    0x080017dc   0x080017dc   0x00000002   Code   RO         2311    i.SysTick_Handler   stm32f10x_it.o
    0x080017de   0x080017de   0x00000002   PAD
    0x080017e0   0x080017e0   0x00000060   Code   RO         2393    i.SystemInit        system_stm32f10x.o
    0x08001840   0x08001840   0x0000007c   Code   RO         2214    i.TIM3_IRQHandler   main.o
    0x080018bc   0x080018bc   0x0000005c   Code   RO         2099    i.TIM3_Init         timer.o
    0x08001918   0x08001918   0x00000006   Code   RO          798    i.TIM_ClearITPendingBit  stm32f10x_tim.o
    0x0800191e   0x0800191e   0x00000018   Code   RO          803    i.TIM_Cmd           stm32f10x_tim.o
    0x08001936   0x08001936   0x00000022   Code   RO          824    i.TIM_GetITStatus   stm32f10x_tim.o
    0x08001958   0x08001958   0x00000012   Code   RO          828    i.TIM_ITConfig      stm32f10x_tim.o
    0x0800196a   0x0800196a   0x00000002   PAD
    0x0800196c   0x0800196c   0x000000a4   Code   RO          837    i.TIM_OC2Init       stm32f10x_tim.o
    0x08001a10   0x08001a10   0x0000001a   Code   RO          840    i.TIM_OC2PreloadConfig  stm32f10x_tim.o
    0x08001a2a   0x08001a2a   0x00000004   Code   RO          865    i.TIM_SetCompare2   stm32f10x_tim.o
    0x08001a2e   0x08001a2e   0x00000002   PAD
    0x08001a30   0x08001a30   0x000000a4   Code   RO          874    i.TIM_TimeBaseInit  stm32f10x_tim.o
    0x08001ad4   0x08001ad4   0x00000040   Code   RO         2468    i.USART1_IRQHandler  usart1.o
    0x08001b14   0x08001b14   0x0000001e   Code   RO         1336    i.USART_ClearITPendingBit  stm32f10x_usart.o
    0x08001b32   0x08001b32   0x00000054   Code   RO         1343    i.USART_GetITStatus  stm32f10x_usart.o
    0x08001b86   0x08001b86   0x0000000a   Code   RO         1353    i.USART_ReceiveData  stm32f10x_usart.o
    0x08001b90   0x08001b90   0x00000004   Code   RO         2312    i.UsageFault_Handler  stm32f10x_it.o
    0x08001b94   0x08001b94   0x000001d4   Code   RO         2215    i.UsartSendReceiveData  main.o
    0x08001d68   0x08001d68   0x0000000e   Code   RO         1960    i.WriteCmd          oled_i2c.o
    0x08001d76   0x08001d76   0x0000000e   Code   RO         1961    i.WriteDat          oled_i2c.o
    0x08001d84   0x08001d84   0x00000004   Code   RO         2469    i._sys_exit         usart1.o
    0x08001d88   0x08001d88   0x00000040   Code   RO         1962    i.bsp_InitI2C_2     oled_i2c.o
    0x08001dc8   0x08001dc8   0x00000044   Code   RO         2424    i.delay_init        delay.o
    0x08001e0c   0x08001e0c   0x0000004c   Code   RO         2425    i.delay_ms          delay.o
    0x08001e58   0x08001e58   0x0000004c   Code   RO         2426    i.delay_us          delay.o
    0x08001ea4   0x08001ea4   0x000000e8   Code   RO         2216    i.displayDHT11TempAndHumi  main.o
    0x08001f8c   0x08001f8c   0x00000108   Code   RO         2217    i.displayLight      main.o
    0x08002094   0x08002094   0x00000114   Code   RO         2218    i.displaySetValue   main.o
    0x080021a8   0x080021a8   0x000000f4   Code   RO         2219    i.displaySoilMoisture  main.o
    0x0800229c   0x0800229c   0x00000054   Code   RO         1966    i.i2c_SendByte_2    oled_i2c.o
    0x080022f0   0x080022f0   0x00000030   Code   RO         1967    i.i2c_Start_2       oled_i2c.o
    0x08002320   0x08002320   0x00000028   Code   RO         1968    i.i2c_Stop_2        oled_i2c.o
    0x08002348   0x08002348   0x0000004c   Code   RO         1969    i.i2c_WaitAck_2     oled_i2c.o
    0x08002394   0x08002394   0x0000009c   Code   RO         2563    i.kalman_filter     kalman_filter.o
    0x08002430   0x08002430   0x00000020   Code   RO         2564    i.kalman_init       kalman_filter.o
    0x08002450   0x08002450   0x000001fc   Code   RO         2220    i.keyscan           main.o
    0x0800264c   0x0800264c   0x000001a8   Code   RO         2221    i.main              main.o
    0x080027f4   0x080027f4   0x0000002c   Code   RO         2731    locale$$code        c_w.l(lc_ctype_c.o)
    0x08002820   0x08002820   0x00000062   Code   RO         2633    x$fpl$d2f           fz_ws.l(d2f.o)
    0x08002882   0x08002882   0x00000026   Code   RO         2635    x$fpl$dfltu         fz_ws.l(dflt_clz.o)
    0x080028a8   0x080028a8   0x00000154   Code   RO         2641    x$fpl$dmul          fz_ws.l(dmul.o)
    0x080029fc   0x080029fc   0x0000009c   Code   RO         2686    x$fpl$dnaninf       fz_ws.l(dnaninf.o)
    0x08002a98   0x08002a98   0x0000000c   Code   RO         2688    x$fpl$dretinf       fz_ws.l(dretinf.o)
    0x08002aa4   0x08002aa4   0x000000c4   Code   RO         2643    x$fpl$fadd          fz_ws.l(faddsub_clz.o)
    0x08002b68   0x08002b68   0x00000018   Code   RO         2690    x$fpl$fcmpinf       fz_ws.l(fcmpi.o)
    0x08002b80   0x08002b80   0x00000184   Code   RO         2650    x$fpl$fdiv          fz_ws.l(fdiv.o)
    0x08002d04   0x08002d04   0x0000003e   Code   RO         2653    x$fpl$ffixu         fz_ws.l(ffixu.o)
    0x08002d42   0x08002d42   0x00000002   PAD
    0x08002d44   0x08002d44   0x00000026   Code   RO         2657    x$fpl$ffltu         fz_ws.l(fflt_clz.o)
    0x08002d6a   0x08002d6a   0x00000002   PAD
    0x08002d6c   0x08002d6c   0x00000068   Code   RO         2663    x$fpl$fleqf         fz_ws.l(fleqf.o)
    0x08002dd4   0x08002dd4   0x00000102   Code   RO         2665    x$fpl$fmul          fz_ws.l(fmul.o)
    0x08002ed6   0x08002ed6   0x0000008c   Code   RO         2692    x$fpl$fnaninf       fz_ws.l(fnaninf.o)
    0x08002f62   0x08002f62   0x0000000a   Code   RO         2694    x$fpl$fretinf       fz_ws.l(fretinf.o)
    0x08002f6c   0x08002f6c   0x00000062   Code   RO         2667    x$fpl$frleqf        fz_ws.l(frleqf.o)
    0x08002fce   0x08002fce   0x00000014   Code   RO         2644    x$fpl$frsb          fz_ws.l(faddsub_clz.o)
    0x08002fe2   0x08002fe2   0x00000002   PAD
    0x08002fe4   0x08002fe4   0x000000ea   Code   RO         2645    x$fpl$fsub          fz_ws.l(faddsub_clz.o)
    0x080030ce   0x080030ce   0x00000000   Code   RO         2696    x$fpl$usenofp       fz_ws.l(usenofp.o)
    0x080030ce   0x080030ce   0x00000818   Data   RO         1970    .constdata          oled_i2c.o
    0x080038e6   0x080038e6   0x00000002   PAD
    0x080038e8   0x080038e8   0x00000020   Data   RO         2865    Region$$Table       anon$$obj.o
    0x08003908   0x08003908   0x00000110   Data   RO         2730    locale$$data        c_w.l(lc_ctype_c.o)


    Execution Region RW_IRAM1 (Exec base: 0x20000000, Load base: 0x08003a18, Size: 0x000009b8, Max: 0x00005000, ABSOLUTE, COMPRESSED[0x00000178])

    Exec Addr    Load Addr    Size         Type   Attr      Idx    E Section Name        Object

    0x20000000   COMPRESSED   0x00000240   Data   RW         1971    .data               oled_i2c.o
    0x20000240   COMPRESSED   0x00000054   Data   RW         2223    .data               main.o
    0x20000294   COMPRESSED   0x00000014   Data   RW         2394    .data               system_stm32f10x.o
    0x200002a8   COMPRESSED   0x00000004   Data   RW         2427    .data               delay.o
    0x200002ac   COMPRESSED   0x00000008   Data   RW         2475    .data               usart1.o
    0x200002b4        -       0x00000048   Zero   RW         2222    .bss                main.o
    0x200002fc        -       0x0000005a   Zero   RW         2474    .bss                usart1.o
    0x20000356   COMPRESSED   0x00000002   PAD
    0x20000358        -       0x00000060   Zero   RW         2698    .bss                c_w.l(libspace.o)
    0x200003b8        -       0x00000200   Zero   RW           18    HEAP                startup_stm32f10x_md.o
    0x200005b8        -       0x00000400   Zero   RW           17    STACK               startup_stm32f10x_md.o


==============================================================================

Image component sizes


      Code (inc. data)   RO Data    RW Data    ZI Data      Debug   Object Name

       238         14          0          0          0       1635   adc.o
         0          0          0          0          0       4564   core_cm3.o
       220         26          0          4          0       1591   delay.o
       432         20          0          0          0       3085   dht11.o
       180         20          0          0          0        962   gpio.o
       188         10          0          0          0       1442   kalman_filter.o
      2832        352          0         84         72       7859   main.o
       172         22          0          0          0     248849   misc.o
      1484         66       2072        576          0      10062   oled_i2c.o
       276          0          0          0          0       1432   pid.o
       176         18          0          0          0       1481   pwm.o
        64         26        236          0       1536        772   startup_stm32f10x_md.o
       486         24          0          0          0       8078   stm32f10x_adc.o
       448          6          0          0          0       4230   stm32f10x_gpio.o
        26          0          0          0          0       3426   stm32f10x_it.o
       120         24          0          0          0       2094   stm32f10x_rcc.o
       440         52          0          0          0       5013   stm32f10x_tim.o
       124          0          0          0          0       3194   stm32f10x_usart.o
        12          0          0          0          0        425   sys.o
       328         28          0         20          0       1937   system_stm32f10x.o
        92          6          0          0          0        608   timer.o
        68         14          0          8         90       2833   usart1.o

    ----------------------------------------------------------------------
      8428        728       2342        692       1700     315572   Object Totals
         0          0         32          0          0          0   (incl. Generated)
        22          0          2          0          2          0   (incl. Padding)

    ----------------------------------------------------------------------

      Code (inc. data)   RO Data    RW Data    ZI Data      Debug   Library Member Name

        90          0          0          0          0          0   __dczerorl2.o
         8          0          0          0          0         68   __main.o
       104          0          0          0          0         84   __printf.o
         0          0          0          0          0          0   __rtentry.o
        12          0          0          0          0          0   __rtentry2.o
         6          0          0          0          0          0   __rtentry4.o
        52          8          0          0          0          0   __scatter.o
        28          0          0          0          0          0   __scatter_zi.o
        28          0          0          0          0         68   _chval.o
        48          6          0          0          0         96   _printf_char_common.o
         6          0          0          0          0          0   _printf_d.o
       120         16          0          0          0         92   _printf_dec.o
       178          0          0          0          0         88   _printf_intcommon.o
         0          0          0          0          0          0   _printf_percent.o
         4          0          0          0          0          0   _printf_percent_end.o
        10          0          0          0          0         68   _sputc.o
       158          0          0          0          0         92   _strtoul.o
        26          0          0          0          0         80   atoi.o
        18          0          0          0          0         80   exit.o
         6          0          0          0          0        152   heapauxi.o
        44         10        272          0          0         76   lc_ctype_c.o
         2          0          0          0          0          0   libinit.o
        20          0          0          0          0          0   libinit2.o
         2          0          0          0          0          0   libshutdown.o
         2          0          0          0          0          0   libshutdown2.o
         8          4          0          0         96         68   libspace.o
        40          6          0          0          0         84   noretval__2sprintf.o
        16          4          0          0          0         76   rt_ctype_table.o
         8          4          0          0          0         68   rt_errno_addr_intlibspace.o
         8          4          0          0          0         68   rt_locale_intlibspace.o
        78          0          0          0          0         80   rt_memclr_w.o
       100          0          0          0          0         80   rt_memcpy_w.o
         2          0          0          0          0          0   rtexit.o
        10          0          0          0          0          0   rtexit2.o
       128          0          0          0          0         68   strcmpv7m.o
        36          0          0          0          0         80   strstr.o
       112          0          0          0          0         88   strtol.o
        74          0          0          0          0         80   sys_stackheap_outer.o
         2          0          0          0          0         68   use_no_semi.o
         2          0          0          0          0         68   use_no_semi_2.o
        98          4          0          0          0         92   d2f.o
        38          0          0          0          0         68   dflt_clz.o
       340         12          0          0          0        104   dmul.o
       156          4          0          0          0         92   dnaninf.o
        12          0          0          0          0         68   dretinf.o
       450          8          0          0          0        236   faddsub_clz.o
        24          0          0          0          0         68   fcmpi.o
       388         76          0          0          0         96   fdiv.o
        62          4          0          0          0         84   ffixu.o
        38          0          0          0          0         68   fflt_clz.o
       104          4          0          0          0         84   fleqf.o
       258          4          0          0          0         84   fmul.o
       140          4          0          0          0         84   fnaninf.o
        10          0          0          0          0         68   fretinf.o
        98          0          0          0          0         68   frleqf.o
         0          0          0          0          0          0   usenofp.o

    ----------------------------------------------------------------------
      3830        182        272          0         96       3384   Library Totals
        18          0          0          0          0          0   (incl. Padding)

    ----------------------------------------------------------------------

      Code (inc. data)   RO Data    RW Data    ZI Data      Debug   Library Name

      1596         62        272          0         96       2020   c_w.l
      2216        120          0          0          0       1364   fz_ws.l

    ----------------------------------------------------------------------
      3830        182        272          0         96       3384   Library Totals

    ----------------------------------------------------------------------

==============================================================================


      Code (inc. data)   RO Data    RW Data    ZI Data      Debug   

     12258        910       2614        692       1796     312192   Grand Totals
     12258        910       2614        376       1796     312192   ELF Image Totals (compressed)
     12258        910       2614        376          0          0   ROM Totals

==============================================================================

    Total RO  Size (Code + RO Data)                14872 (  14.52kB)
    Total RW  Size (RW Data + ZI Data)              2488 (   2.43kB)
    Total ROM Size (Code + RO Data + RW Data)      15248 (  14.89kB)

==============================================================================

